// Jest Snapshot v1, https://goo.gl/fbAQLP

exports[`<MasterImportDialog /> should match snapshot 1`] = `
<div
  aria-hidden="true"
/>
`;
