// Jest Snapshot v1, https://goo.gl/fbAQLP

exports[`<TableBodyObserveVisibleCheckbox /> should match snapshot 1`] = `
.emotion-0 {
  display: table;
  width: 100%;
  border-collapse: collapse;
  border-spacing: 0;
}

.emotion-0 caption {
  font-size: 0.875rem;
  font-weight: 400;
  letter-spacing: 0.15px;
  text-transform: none;
  font-family: Roboto,sans-serif;
  line-height: 1.43;
  padding: 16px;
  color: #757575;
  text-align: left;
  caption-side: bottom;
}

.emotion-1 {
  display: table-row-group;
}

.emotion-2 {
  color: inherit;
  display: table-row;
  vertical-align: middle;
  outline: 0;
}

.emotion-2.MuiTableRow-hover:hover {
  background-color: #F5F5F5;
}

.emotion-2.Mui-selected {
  background-color: rgba(33, 150, 243, 0.08);
}

.emotion-2.Mui-selected:hover {
  background-color: rgba(33, 150, 243, 0.12);
}

.emotion-2.TableBaseRow-selected {
  background-color: #EDF7FE;
}

.emotion-3 {
  font-size: 0.875rem;
  font-weight: 400;
  letter-spacing: 0.15px;
  text-transform: none;
  font-family: Roboto,sans-serif;
  line-height: 1.43;
  display: table-cell;
  vertical-align: inherit;
  border-bottom: 1px solid rgba(251, 251, 251, 1);
  text-align: left;
  padding: 16px;
  color: #212121;
  position: relative;
  border-bottom: 1px solid #E0E0E0;
  border-right: 1px solid #E0E0E0;
}

.emotion-4 {
  display: -webkit-box;
  display: -webkit-flex;
  display: -ms-flexbox;
  display: flex;
  -webkit-align-items: center;
  -webkit-box-align: center;
  -ms-flex-align: center;
  align-items: center;
}

.emotion-5 {
  margin-right: 12px;
  display: -webkit-box;
  display: -webkit-flex;
  display: -ms-flexbox;
  display: flex;
}

.emotion-6 {
  display: -webkit-inline-box;
  display: -webkit-inline-flex;
  display: -ms-inline-flexbox;
  display: inline-flex;
  -webkit-align-items: center;
  -webkit-box-align: center;
  -ms-flex-align: center;
  align-items: center;
  -webkit-box-pack: center;
  -ms-flex-pack: center;
  -webkit-justify-content: center;
  justify-content: center;
  position: relative;
  box-sizing: border-box;
  -webkit-tap-highlight-color: transparent;
  background-color: transparent;
  outline: 0;
  border: 0;
  margin: 0;
  border-radius: 0;
  padding: 0;
  cursor: pointer;
  -webkit-user-select: none;
  -moz-user-select: none;
  -ms-user-select: none;
  user-select: none;
  vertical-align: middle;
  -moz-appearance: none;
  -webkit-appearance: none;
  -webkit-text-decoration: none;
  text-decoration: none;
  color: inherit;
  padding: 9px;
  border-radius: 50%;
  color: #757575;
}

.emotion-6::-moz-focus-inner {
  border-style: none;
}

.emotion-6.Mui-disabled {
  pointer-events: none;
  cursor: default;
}

@media print {
  .emotion-6 {
    -webkit-print-color-adjust: exact;
    color-adjust: exact;
  }
}

.emotion-6:hover {
  background-color: rgba(33, 150, 243, 0.04);
}

@media (hover: none) {
  .emotion-6:hover {
    background-color: transparent;
  }
}

.emotion-6.Mui-checked,
.emotion-6.MuiCheckbox-indeterminate {
  color: #2196F3;
}

.emotion-6.Mui-disabled {
  color: #BDBDBD;
}

.emotion-6.MuiCheckbox-indeterminate {
  color: #757575;
}

.emotion-7 {
  cursor: inherit;
  position: absolute;
  opacity: 0;
  width: 100%;
  height: 100%;
  top: 0;
  left: 0;
  margin: 0;
  padding: 0;
  z-index: 1;
}

.emotion-8 {
  -webkit-user-select: none;
  -moz-user-select: none;
  -ms-user-select: none;
  user-select: none;
  width: 1em;
  height: 1em;
  display: inline-block;
  fill: currentColor;
  -webkit-flex-shrink: 0;
  -ms-flex-negative: 0;
  flex-shrink: 0;
  -webkit-transition: fill 200ms cubic-bezier(0.4, 0, 0.2, 1) 0ms;
  transition: fill 200ms cubic-bezier(0.4, 0, 0.2, 1) 0ms;
  font-size: 1.5rem;
}

.emotion-9 {
  overflow: hidden;
  pointer-events: none;
  position: absolute;
  z-index: 0;
  top: 0;
  right: 0;
  bottom: 0;
  left: 0;
  border-radius: inherit;
}

.emotion-10 {
  font-size: 0.875rem;
  font-weight: 400;
  letter-spacing: 0.15px;
  text-transform: none;
  font-family: Roboto,sans-serif;
  line-height: 1.43;
  display: table-cell;
  vertical-align: inherit;
  border-bottom: 1px solid rgba(251, 251, 251, 1);
  text-align: left;
  padding: 16px;
  color: #212121;
  position: relative;
  border-bottom: 1px solid #E0E0E0;
  border-right: none;
}

<div>
  <table
    class="MuiTable-root emotion-0"
  >
    <tbody
      class="MuiTableBody-root emotion-1"
      data-testid="TableBaseBody__root"
    >
      <tr
        class="MuiTableRow-root emotion-2"
        data-testid="TableBase__row"
        data-value="1"
      >
        <td
          class="MuiTableCell-root MuiTableCell-body MuiTableCell-sizeMedium emotion-3"
          style="width: 60%;"
        >
          <div
            class="MuiBox-root emotion-4"
          >
            <div
              class="MuiBox-root emotion-5"
            >
              <span
                class="MuiCheckbox-root MuiCheckbox-colorPrimary MuiButtonBase-root MuiCheckbox-root MuiCheckbox-colorPrimary PrivateSwitchBase-root emotion-6"
                data-testid="TableRowWithCheckbox__checkboxRow"
                style="padding: 0px; width: 18px; height: 18px;"
              >
                <input
                  class="PrivateSwitchBase-input emotion-7"
                  data-indeterminate="false"
                  type="checkbox"
                />
                <svg
                  aria-hidden="true"
                  class="MuiSvgIcon-root MuiSvgIcon-fontSizeMedium emotion-8"
                  data-testid="CheckBoxOutlineBlankIcon"
                  focusable="false"
                  viewBox="0 0 24 24"
                >
                  <path
                    d="M19 5v14H5V5h14m0-2H5c-1.1 0-2 .9-2 2v14c0 1.1.9 2 2 2h14c1.1 0 2-.9 2-2V5c0-1.1-.9-2-2-2z"
                  />
                </svg>
                <span
                  class="MuiTouchRipple-root emotion-9"
                />
              </span>
            </div>
            <div>
              Nam
            </div>
          </div>
        </td>
        <td
          class="MuiTableCell-root MuiTableCell-body MuiTableCell-sizeMedium emotion-10"
          style="width: 40%;"
        >
          <div>
            thanhnam@manabie.com
          </div>
        </td>
      </tr>
      <tr
        class="MuiTableRow-root emotion-2"
        data-testid="TableBase__row"
        data-value="2"
      >
        <td
          class="MuiTableCell-root MuiTableCell-body MuiTableCell-sizeMedium emotion-3"
          style="width: 60%;"
        >
          <div
            class="MuiBox-root emotion-4"
          >
            <div
              class="MuiBox-root emotion-5"
            >
              <span
                class="MuiCheckbox-root MuiCheckbox-colorPrimary MuiButtonBase-root MuiCheckbox-root MuiCheckbox-colorPrimary PrivateSwitchBase-root emotion-6"
                data-testid="TableRowWithCheckbox__checkboxRow"
                style="padding: 0px; width: 18px; height: 18px;"
              >
                <input
                  class="PrivateSwitchBase-input emotion-7"
                  data-indeterminate="false"
                  type="checkbox"
                />
                <svg
                  aria-hidden="true"
                  class="MuiSvgIcon-root MuiSvgIcon-fontSizeMedium emotion-8"
                  data-testid="CheckBoxOutlineBlankIcon"
                  focusable="false"
                  viewBox="0 0 24 24"
                >
                  <path
                    d="M19 5v14H5V5h14m0-2H5c-1.1 0-2 .9-2 2v14c0 1.1.9 2 2 2h14c1.1 0 2-.9 2-2V5c0-1.1-.9-2-2-2z"
                  />
                </svg>
                <span
                  class="MuiTouchRipple-root emotion-9"
                />
              </span>
            </div>
            <div>
              Nam 2
            </div>
          </div>
        </td>
        <td
          class="MuiTableCell-root MuiTableCell-body MuiTableCell-sizeMedium emotion-10"
          style="width: 40%;"
        >
          <div>
            thanhnam2@manabie.com
          </div>
        </td>
      </tr>
    </tbody>
  </table>
</div>
`;
