// Jest Snapshot v1, https://goo.gl/fbAQLP

exports[`<WrapperGrid /> should match snapshot 1`] = `
<div>
  <div
    class="MuiBox-root emotion-0"
    style="overflow: hidden;"
  >
    <div>
      Test
    </div>
  </div>
</div>
`;
