// Jest Snapshot v1, https://goo.gl/fbAQLP

exports[`<SettingsTabForm/> in course enabledTeachingMethod true should match snapshot 1`] = `
.emotion-1 {
  display: -webkit-box;
  display: -webkit-flex;
  display: -ms-flexbox;
  display: flex;
  -webkit-box-pack: center;
  -ms-flex-pack: center;
  -webkit-justify-content: center;
  justify-content: center;
  padding-bottom: 24px;
}

.emotion-2 {
  position: relative;
  border-radius: 50%;
  height: 112px;
  width: 112px;
  background-color: #EEEEEE;
}

.emotion-3 {
  position: absolute;
  top: 50%;
  left: 50%;
  -webkit-transform: translateY(-50%) translateX(-50%);
  -moz-transform: translateY(-50%) translateX(-50%);
  -ms-transform: translateY(-50%) translateX(-50%);
  transform: translateY(-50%) translateX(-50%);
}

.emotion-4 {
  -webkit-user-select: none;
  -moz-user-select: none;
  -ms-user-select: none;
  user-select: none;
  width: 1em;
  height: 1em;
  display: inline-block;
  fill: currentColor;
  -webkit-flex-shrink: 0;
  -ms-flex-negative: 0;
  flex-shrink: 0;
  -webkit-transition: fill 200ms cubic-bezier(0.4, 0, 0.2, 1) 0ms;
  transition: fill 200ms cubic-bezier(0.4, 0, 0.2, 1) 0ms;
  font-size: 2.1875rem;
  color: #757575;
}

.emotion-5 {
  display: none;
}

.emotion-6 {
  margin: 0;
  -webkit-flex-shrink: 0;
  -ms-flex-negative: 0;
  flex-shrink: 0;
  border-width: 0;
  border-style: solid;
  border-color: #E0E0E0;
  border-bottom-width: thin;
  border-top: 1px dashed #E0E0E0;
  border-bottom: 0px solid;
  height: 0;
  background-color: transparent;
}

.emotion-7 {
  padding-top: 24px;
}

.emotion-8 {
  box-sizing: border-box;
  display: -webkit-box;
  display: -webkit-flex;
  display: -ms-flexbox;
  display: flex;
  -webkit-box-flex-wrap: wrap;
  -webkit-flex-wrap: wrap;
  -ms-flex-wrap: wrap;
  flex-wrap: wrap;
  width: 100%;
  -webkit-flex-direction: row;
  -ms-flex-direction: row;
  flex-direction: row;
  word-break: break-word;
}

.emotion-9 {
  box-sizing: border-box;
  margin: 0;
  -webkit-flex-direction: row;
  -ms-flex-direction: row;
  flex-direction: row;
  -webkit-flex-basis: 16.666667%;
  -ms-flex-preferred-size: 16.666667%;
  flex-basis: 16.666667%;
  -webkit-box-flex: 0;
  -webkit-flex-grow: 0;
  -ms-flex-positive: 0;
  flex-grow: 0;
  max-width: 16.666667%;
}

@media (min-width:600px) {
  .emotion-9 {
    -webkit-flex-basis: 16.666667%;
    -ms-flex-preferred-size: 16.666667%;
    flex-basis: 16.666667%;
    -webkit-box-flex: 0;
    -webkit-flex-grow: 0;
    -ms-flex-positive: 0;
    flex-grow: 0;
    max-width: 16.666667%;
  }
}

@media (min-width:960px) {
  .emotion-9 {
    -webkit-flex-basis: 16.666667%;
    -ms-flex-preferred-size: 16.666667%;
    flex-basis: 16.666667%;
    -webkit-box-flex: 0;
    -webkit-flex-grow: 0;
    -ms-flex-positive: 0;
    flex-grow: 0;
    max-width: 16.666667%;
  }
}

@media (min-width:1440px) {
  .emotion-9 {
    -webkit-flex-basis: 16.666667%;
    -ms-flex-preferred-size: 16.666667%;
    flex-basis: 16.666667%;
    -webkit-box-flex: 0;
    -webkit-flex-grow: 0;
    -ms-flex-positive: 0;
    flex-grow: 0;
    max-width: 16.666667%;
  }
}

@media (min-width:1920px) {
  .emotion-9 {
    -webkit-flex-basis: 16.666667%;
    -ms-flex-preferred-size: 16.666667%;
    flex-basis: 16.666667%;
    -webkit-box-flex: 0;
    -webkit-flex-grow: 0;
    -ms-flex-positive: 0;
    flex-grow: 0;
    max-width: 16.666667%;
  }
}

.emotion-10 {
  margin: 0;
  font-size: 0.75rem;
  font-weight: 400;
  letter-spacing: 0.4px;
  text-transform: none;
  font-family: Roboto,sans-serif;
  line-height: 1.66;
  color: #757575;
}

.emotion-11 {
  box-sizing: border-box;
  margin: 0;
  -webkit-flex-direction: row;
  -ms-flex-direction: row;
  flex-direction: row;
  -webkit-flex-basis: 83.333333%;
  -ms-flex-preferred-size: 83.333333%;
  flex-basis: 83.333333%;
  -webkit-box-flex: 0;
  -webkit-flex-grow: 0;
  -ms-flex-positive: 0;
  flex-grow: 0;
  max-width: 83.333333%;
}

@media (min-width:600px) {
  .emotion-11 {
    -webkit-flex-basis: 83.333333%;
    -ms-flex-preferred-size: 83.333333%;
    flex-basis: 83.333333%;
    -webkit-box-flex: 0;
    -webkit-flex-grow: 0;
    -ms-flex-positive: 0;
    flex-grow: 0;
    max-width: 83.333333%;
  }
}

@media (min-width:960px) {
  .emotion-11 {
    -webkit-flex-basis: 83.333333%;
    -ms-flex-preferred-size: 83.333333%;
    flex-basis: 83.333333%;
    -webkit-box-flex: 0;
    -webkit-flex-grow: 0;
    -ms-flex-positive: 0;
    flex-grow: 0;
    max-width: 83.333333%;
  }
}

@media (min-width:1440px) {
  .emotion-11 {
    -webkit-flex-basis: 83.333333%;
    -ms-flex-preferred-size: 83.333333%;
    flex-basis: 83.333333%;
    -webkit-box-flex: 0;
    -webkit-flex-grow: 0;
    -ms-flex-positive: 0;
    flex-grow: 0;
    max-width: 83.333333%;
  }
}

@media (min-width:1920px) {
  .emotion-11 {
    -webkit-flex-basis: 83.333333%;
    -ms-flex-preferred-size: 83.333333%;
    flex-basis: 83.333333%;
    -webkit-box-flex: 0;
    -webkit-flex-grow: 0;
    -ms-flex-positive: 0;
    flex-grow: 0;
    max-width: 83.333333%;
  }
}

.emotion-12 {
  display: -webkit-box;
  display: -webkit-flex;
  display: -ms-flexbox;
  display: flex;
}

.emotion-13 {
  margin: 0;
  font-size: 0.875rem;
  font-weight: 400;
  letter-spacing: 0.15px;
  text-transform: none;
  font-family: Roboto,sans-serif;
  line-height: 1.43;
}

.emotion-14 {
  padding-top: 12px;
}

<div>
  <form
    novalidate=""
  >
    <div
      class="MuiBox-root emotion-0"
    >
      <div
        class="MuiBox-root emotion-1"
      >
        <div
          class="MuiBox-root emotion-2"
          data-testid="AvatarInput__root"
          style="background-image: none; background-size: cover;"
        >
          <label
            data-testid="AvatarInput__labelHtmlFor"
            for="icon"
            style="position: absolute; width: 100%; height: 100%; cursor: pointer;"
          >
            <span
              class="MuiBox-root emotion-3"
            >
              <svg
                aria-hidden="true"
                class="MuiSvgIcon-root MuiSvgIcon-fontSizeLarge emotion-4"
                data-testid="AddAPhotoOutlinedIcon"
                focusable="false"
                viewBox="0 0 24 24"
              >
                <path
                  d="M21 6h-3.17L16 4h-6v2h5.12l1.83 2H21v12H5v-9H3v9c0 1.1.9 2 2 2h16c1.1 0 2-.9 2-2V8c0-1.1-.9-2-2-2zM8 14c0 2.76 2.24 5 5 5s5-2.24 5-5-2.24-5-5-5-5 2.24-5 5zm5-3c1.65 0 3 1.35 3 3s-1.35 3-3 3-3-1.35-3-3 1.35-3 3-3zM5 6h3V4H5V1H3v3H0v2h3v3h2z"
                />
              </svg>
            </span>
          </label>
          <div
            class="MuiBox-root emotion-5"
          >
            <input
              accept="image/*"
              data-testid="AvatarInput__input"
              id="icon"
              type="file"
            />
          </div>
        </div>
      </div>
      <hr
        class="MuiDivider-root MuiDivider-fullWidth emotion-6"
      />
      <div
        class="MuiBox-root emotion-7"
      >
        <div
          class="MuiGrid-root MuiGrid-container emotion-8"
        >
          <div
            class="MuiGrid-root MuiGrid-item MuiGrid-grid-xs-2 emotion-9"
          >
            <span
              class="MuiTypography-root MuiTypography-caption emotion-10"
            >
              Course Name
            </span>
          </div>
          <div
            class="MuiGrid-root MuiGrid-item MuiGrid-grid-xs-10 emotion-11"
            data-testid="SettingsTabForm__courseName"
          >
            <div
              class="MuiBox-root emotion-12"
            >
              <p
                class="MuiTypography-root MuiTypography-body2 emotion-13"
              >
                Course 01
              </p>
            </div>
          </div>
        </div>
        <div
          class="MuiBox-root emotion-14"
        >
          <div
            class="MuiGrid-root MuiGrid-container emotion-8"
          >
            <div
              class="MuiGrid-root MuiGrid-item MuiGrid-grid-xs-2 emotion-9"
            >
              <span
                class="MuiTypography-root MuiTypography-caption emotion-10"
              >
                Location
              </span>
            </div>
            <div
              class="MuiGrid-root MuiGrid-item MuiGrid-grid-xs-10 emotion-11"
              data-testid="SettingsTabForm__locationsName"
            >
              <div
                class="MuiBox-root emotion-12"
              >
                <p
                  class="MuiTypography-root MuiTypography-body2 emotion-13"
                >
                  Center 1, Center 2
                </p>
              </div>
            </div>
          </div>
        </div>
        <div
          class="MuiBox-root emotion-14"
        >
          <div
            class="MuiGrid-root MuiGrid-container emotion-8"
          >
            <div
              class="MuiGrid-root MuiGrid-item MuiGrid-grid-xs-2 emotion-9"
            >
              <span
                class="MuiTypography-root MuiTypography-caption emotion-10"
              >
                Teaching Method
              </span>
            </div>
            <div
              class="MuiGrid-root MuiGrid-item MuiGrid-grid-xs-10 emotion-11"
              data-testid="SettingsTabForm__teachingMethod"
            >
              <div
                class="MuiBox-root emotion-12"
              >
                <p
                  class="MuiTypography-root MuiTypography-body2 emotion-13"
                />
              </div>
            </div>
          </div>
        </div>
      </div>
    </div>
    <input
      data-testid="TextFieldHF__submit"
      type="submit"
    />
  </form>
</div>
`;
