// Jest Snapshot v1, https://goo.gl/fbAQLP

exports[`<List /> UserGroup table should render correct UserGroups Page 1`] = `
.emotion-0 {
  margin: 0 auto;
  width: 100%;
  max-width: 1600px;
}

.emotion-1 {
  padding-bottom: 24px;
}

.emotion-2 {
  margin: 0;
  font-size: 1.25rem;
  font-weight: 500;
  letter-spacing: 0.15px;
  text-transform: none;
  font-family: Roboto,sans-serif;
  line-height: 1.6;
}

.emotion-3 {
  display: -webkit-box;
  display: -webkit-flex;
  display: -ms-flexbox;
  display: flex;
  -webkit-box-pack: end;
  -ms-flex-pack: end;
  -webkit-justify-content: flex-end;
  justify-content: flex-end;
  -webkit-align-items: start;
  -webkit-box-align: start;
  -ms-flex-align: start;
  align-items: start;
  margin-bottom: 16px;
}

.emotion-4 {
  display: -webkit-inline-box;
  display: -webkit-inline-flex;
  display: -ms-inline-flexbox;
  display: inline-flex;
  -webkit-align-items: center;
  -webkit-box-align: center;
  -ms-flex-align: center;
  align-items: center;
  -webkit-box-pack: center;
  -ms-flex-pack: center;
  -webkit-justify-content: center;
  justify-content: center;
  position: relative;
  box-sizing: border-box;
  -webkit-tap-highlight-color: transparent;
  background-color: transparent;
  outline: 0;
  border: 0;
  margin: 0;
  border-radius: 0;
  padding: 0;
  cursor: pointer;
  -webkit-user-select: none;
  -moz-user-select: none;
  -ms-user-select: none;
  user-select: none;
  vertical-align: middle;
  -moz-appearance: none;
  -webkit-appearance: none;
  -webkit-text-decoration: none;
  text-decoration: none;
  color: inherit;
  font-size: 0.875rem;
  font-weight: 500;
  letter-spacing: 0.4px;
  text-transform: capitalize;
  font-family: Roboto,sans-serif;
  line-height: 1.75;
  min-width: 64px;
  padding: 6px 16px;
  border-radius: 4px;
  -webkit-transition: background-color 250ms cubic-bezier(0.4, 0, 0.2, 1) 0ms,box-shadow 250ms cubic-bezier(0.4, 0, 0.2, 1) 0ms,border-color 250ms cubic-bezier(0.4, 0, 0.2, 1) 0ms,color 250ms cubic-bezier(0.4, 0, 0.2, 1) 0ms;
  transition: background-color 250ms cubic-bezier(0.4, 0, 0.2, 1) 0ms,box-shadow 250ms cubic-bezier(0.4, 0, 0.2, 1) 0ms,border-color 250ms cubic-bezier(0.4, 0, 0.2, 1) 0ms,color 250ms cubic-bezier(0.4, 0, 0.2, 1) 0ms;
  color: #fff;
  background-color: #2196F3;
  box-shadow: 0px 3px 1px -2px rgba(0, 0, 0, 0.2),0px 2px 2px rgba(0, 0, 0, 0.14),0px 1px 5px rgba(0, 0, 0, 0.12);
  border-radius: 4px;
}

.emotion-4::-moz-focus-inner {
  border-style: none;
}

.emotion-4.Mui-disabled {
  pointer-events: none;
  cursor: default;
}

@media print {
  .emotion-4 {
    -webkit-print-color-adjust: exact;
    color-adjust: exact;
  }
}

.emotion-4:hover {
  -webkit-text-decoration: none;
  text-decoration: none;
  background-color: #0B79D0;
  box-shadow: 0px 2px 4px -1px rgba(0, 0, 0, 0.2),0px 4px 5px rgba(0, 0, 0, 0.14),0px 1px 10px rgba(0, 0, 0, 0.12);
}

@media (hover: none) {
  .emotion-4:hover {
    background-color: #2196F3;
  }
}

.emotion-4:active {
  box-shadow: 0px 5px 5px -3px rgba(0, 0, 0, 0.2),0px 8px 10px 1px rgba(0, 0, 0, 0.14),0px 3px 14px 2px rgba(0, 0, 0, 0.12);
}

.emotion-4.Mui-focusVisible {
  box-shadow: 0px 3px 5px -1px rgba(0, 0, 0, 0.2),0px 6px 10px rgba(0, 0, 0, 0.14),0px 1px 18px rgba(0, 0, 0, 0.12);
}

.emotion-4.Mui-disabled {
  color: #BDBDBD;
  box-shadow: none;
  background-color: #E0E0E0;
}

.emotion-5 {
  display: inherit;
  margin-right: 8px;
  margin-left: -4px;
}

.emotion-5>*:nth-of-type(1) {
  font-size: 20px;
}

.emotion-6 {
  -webkit-user-select: none;
  -moz-user-select: none;
  -ms-user-select: none;
  user-select: none;
  width: 1em;
  height: 1em;
  display: inline-block;
  fill: currentColor;
  -webkit-flex-shrink: 0;
  -ms-flex-negative: 0;
  flex-shrink: 0;
  -webkit-transition: fill 200ms cubic-bezier(0.4, 0, 0.2, 1) 0ms;
  transition: fill 200ms cubic-bezier(0.4, 0, 0.2, 1) 0ms;
  font-size: 1.5rem;
}

.emotion-7 {
  overflow: hidden;
  pointer-events: none;
  position: absolute;
  z-index: 0;
  top: 0;
  right: 0;
  bottom: 0;
  left: 0;
  border-radius: inherit;
}

.emotion-8 {
  display: -webkit-box;
  display: -webkit-flex;
  display: -ms-flexbox;
  display: flex;
  height: 600px;
  -webkit-box-pack: center;
  -ms-flex-pack: center;
  -webkit-justify-content: center;
  justify-content: center;
  -webkit-align-items: center;
  -webkit-box-align: center;
  -ms-flex-align: center;
  align-items: center;
  text-align: center;
}

.emotion-9 {
  display: block;
}

.emotion-10 {
  margin-bottom: 8px;
  margin-top: 16px;
}

.emotion-11 {
  margin: 0;
  font-size: 1rem;
  font-weight: 400;
  letter-spacing: 0.15px;
  text-transform: none;
  font-family: Roboto,sans-serif;
  line-height: 1.5;
}

.emotion-12 {
  margin: 0;
  font-size: 0.875rem;
  font-weight: 400;
  letter-spacing: 0.15px;
  text-transform: none;
  font-family: Roboto,sans-serif;
  line-height: 1.43;
  color: #9E9E9E;
}

<div>
  <div
    class="MuiBox-root emotion-0"
  >
    <div
      class="MuiBox-root emotion-1"
    >
      <h6
        aria-label="title"
        class="MuiTypography-root MuiTypography-h6 emotion-2"
      >
        User Group
      </h6>
    </div>
    <div
      class="MuiBox-root emotion-3"
    >
      <button
        aria-label="ra.common.action.create"
        class="MuiButton-root MuiButton-contained MuiButton-containedPrimary MuiButton-sizeMedium MuiButton-containedSizeMedium MuiButtonBase-root  emotion-4"
        data-testid="UserGroupTable__addButton"
        resource="user_group"
        style="word-break: keep-all;"
        tabindex="0"
        type="button"
      >
        <span
          class="MuiButton-startIcon MuiButton-iconSizeMedium emotion-5"
        >
          <svg
            aria-hidden="true"
            class="MuiSvgIcon-root MuiSvgIcon-fontSizeMedium emotion-6"
            data-testid="AddIcon"
            focusable="false"
            viewBox="0 0 24 24"
          >
            <path
              d="M19 13h-6v6h-2v-6H5v-2h6V5h2v6h6v2z"
            />
          </svg>
        </span>
        Add
        <span
          class="MuiTouchRipple-root emotion-7"
        />
      </button>
    </div>
    <div
      class="MuiBox-root emotion-8"
    >
      <div
        class="MuiBox-root emotion-9"
      >
        <svg
          data-testid="LookingFor__icon"
          fill="none"
          height="200"
          width="228"
          xmlns="http://www.w3.org/2000/svg"
        >
          <rect
            fill="#fff"
            height="153.117"
            rx="11.822"
            transform="matrix(.86765 -.49716 .50284 .86437 .196 59.058)"
            width="118.791"
          />
          <rect
            height="150.753"
            rx="10.64"
            stroke="#000"
            stroke-opacity="0.12"
            stroke-width="2.364"
            transform="matrix(.86765 -.49716 .50284 .86437 .192 59.922)"
            width="116.427"
            x="1.62"
            y="0.434"
          />
          <rect
            fill="#DEDEDE"
            height="10.805"
            rx="4.729"
            transform="matrix(.86746 -.49748 .50251 .86456 29.84 74.765)"
            width="83.315"
          />
          <rect
            fill="#DEDEDE"
            height="10.805"
            rx="4.729"
            transform="matrix(.86746 -.49748 .50251 .86456 41.168 94.252)"
            width="83.315"
          />
          <rect
            fill="#DEDEDE"
            height="10.805"
            rx="4.729"
            transform="matrix(.86746 -.49748 .50251 .86456 52.497 113.742)"
            width="62.889"
          />
          <rect
            fill="#fff"
            height="167.33"
            rx="11.822"
            transform="translate(72.003 2.99) skewX(-.031)"
            width="130.212"
          />
          <rect
            height="164.965"
            rx="10.64"
            stroke="#000"
            stroke-opacity="0.12"
            stroke-width="2.364"
            transform="translate(72.003 2.991) skewX(-.031)"
            width="127.847"
            x="1.182"
            y="1.182"
          />
          <rect
            fill="#BDBDBD"
            height="11.808"
            rx="4.729"
            transform="translate(91.44 33.992) skewX(-.032)"
            width="91.325"
          />
          <rect
            fill="#BDBDBD"
            height="11.808"
            rx="4.729"
            transform="translate(91.432 58.627) skewX(-.032)"
            width="91.325"
          />
          <rect
            fill="#BDBDBD"
            height="11.808"
            rx="4.729"
            transform="translate(91.425 83.262) skewX(-.032)"
            width="39.476"
          />
          <path
            d="M141.656 72.136c-25.094 5.5-40.977 30.162-35.445 55.106 5.532 24.947 30.38 40.684 55.476 35.183 8.792-1.927 16.46-6.211 22.468-12.035l28.127 19.647c3.948 2.757 9.404 1.683 11.997-2.349 2.441-3.792 1.446-8.83-2.267-11.424l-28.079-19.613a45.765 45.765 0 0 0 3.199-29.332c-5.533-24.946-30.38-40.684-55.476-35.183Zm-21.204 51.992c-3.793-17.101 7.096-34.049 24.352-37.831 17.253-3.782 34.295 7.038 38.087 24.136 3.792 17.101-7.096 34.049-24.352 37.831-17.253 3.782-34.295-7.038-38.087-24.136Z"
            fill="#9E9E9E"
            stroke="#fff"
            stroke-width="4.729"
          />
          <ellipse
            fill="#C4C4C4"
            opacity="0.2"
            rx="13.625"
            ry="6.216"
            transform="translate(149.382 93.729) skewX(-.032)"
          />
          <ellipse
            fill="#C4C4C4"
            opacity="0.2"
            rx="7.66"
            ry="7.347"
            transform="translate(136.488 136.521) skewX(-.032)"
          />
        </svg>
        <div
          class="MuiBox-root emotion-10"
        >
          <p
            class="MuiTypography-root MuiTypography-body1 emotion-11"
          >
            No Result
          </p>
        </div>
        <p
          class="MuiTypography-root MuiTypography-body2 emotion-12"
        >
          Please use try again with different keywords or filters
        </p>
      </div>
    </div>
  </div>
</div>
`;
