// Jest Snapshot v1, https://goo.gl/fbAQLP

exports[`<TableBasePagination /> should match snapshot 1`] = `ShallowWrapper {}`;
