// Jest Snapshot v1, https://goo.gl/fbAQLP

exports[`<HeaderStaffDetail/> should be to match snapshot 1`] = `
.emotion-1 {
  margin-bottom: 4px;
}

.emotion-2 {
  margin: 0;
  font-size: 1rem;
  font-weight: 400;
  letter-spacing: 0.15px;
  text-transform: none;
  font-family: Roboto,sans-serif;
  line-height: 1.5;
  color: #757575;
}

.emotion-3 {
  display: -webkit-box;
  display: -webkit-flex;
  display: -ms-flexbox;
  display: flex;
  -webkit-box-flex-wrap: wrap;
  -webkit-flex-wrap: wrap;
  -ms-flex-wrap: wrap;
  flex-wrap: wrap;
  -webkit-align-items: center;
  -webkit-box-align: center;
  -ms-flex-align: center;
  align-items: center;
  padding: 0;
  margin: 0;
  list-style: none;
}

.emotion-4 {
  -webkit-text-decoration: unset;
  text-decoration: unset;
}

.emotion-5 {
  margin: 0;
  font-size: 0.75rem;
  font-weight: 400;
  letter-spacing: 0.4px;
  text-transform: none;
  font-family: Roboto,sans-serif;
  line-height: 1.66;
  color: #757575;
}

.emotion-6 {
  display: -webkit-box;
  display: -webkit-flex;
  display: -ms-flexbox;
  display: flex;
  -webkit-user-select: none;
  -moz-user-select: none;
  -ms-user-select: none;
  user-select: none;
  margin-left: 8px;
  margin-right: 8px;
}

.emotion-7 {
  margin: 0;
  font-size: 0.75rem;
  font-weight: 400;
  letter-spacing: 0.4px;
  text-transform: none;
  font-family: Roboto,sans-serif;
  line-height: 1.66;
  color: #212121;
}

.emotion-8 {
  margin-bottom: 24px;
  display: -webkit-box;
  display: -webkit-flex;
  display: -ms-flexbox;
  display: flex;
  -webkit-align-items: center;
  -webkit-box-align: center;
  -ms-flex-align: center;
  align-items: center;
  -webkit-box-pack: justify;
  -webkit-justify-content: space-between;
  justify-content: space-between;
}

.emotion-9 {
  display: -webkit-box;
  display: -webkit-flex;
  display: -ms-flexbox;
  display: flex;
  -webkit-box-pack: start;
  -ms-flex-pack: start;
  -webkit-justify-content: flex-start;
  justify-content: flex-start;
  -webkit-align-items: center;
  -webkit-box-align: center;
  -ms-flex-align: center;
  align-items: center;
}

.emotion-10 {
  padding-bottom: 0px;
}

.emotion-11 {
  margin: 0;
  font-size: 1.25rem;
  font-weight: 500;
  letter-spacing: 0.15px;
  text-transform: none;
  font-family: Roboto,sans-serif;
  line-height: 1.6;
}

<div>
  <div
    class="MuiBox-root emotion-0"
    data-testid="HeaderStaffDetail"
  >
    <div
      class="MuiBox-root emotion-1"
    >
      <nav
        aria-label="breadcrumb"
        class="MuiTypography-root MuiTypography-body1 MuiBreadcrumbs-root emotion-2"
      >
        <ol
          class="MuiBreadcrumbs-ol emotion-3"
        >
          <li
            class="MuiBreadcrumbs-li"
          >
            <a
              class="emotion-4"
              data-testid="BreadcrumbItem"
              href="/staff"
            >
              <span
                class="MuiTypography-root MuiTypography-caption emotion-5"
                data-testid="TypographyShortenStr"
                title="resources.staff.titles.staffManagement"
              >
                resources.staff.titles.staffMa...
              </span>
            </a>
          </li>
          <li
            aria-hidden="true"
            class="MuiBreadcrumbs-separator emotion-6"
          >
            /
          </li>
          <li
            class="MuiBreadcrumbs-li"
          >
            <span
              class="MuiTypography-root MuiTypography-caption emotion-7"
              data-testid="Breadcrumbs__entityName"
            >
              Sierra
            </span>
          </li>
        </ol>
      </nav>
    </div>
    <div
      class="MuiBox-root emotion-8"
      data-testid="WrapperPageHeader__root"
    >
      <div
        class="MuiBox-root emotion-9"
      >
        <div
          class="MuiBox-root emotion-10"
        >
          <h6
            aria-label="title"
            class="MuiTypography-root MuiTypography-h6 emotion-11"
          >
            Sierra
          </h6>
        </div>
      </div>
      <div
        class="MuiBox-root emotion-0"
      />
    </div>
  </div>
</div>
`;
