// Jest Snapshot v1, https://goo.gl/fbAQLP

exports[`<StudyPlanInfo /> should match snapshot 1`] = `
.emotion-0 {
  box-sizing: border-box;
  display: -webkit-box;
  display: -webkit-flex;
  display: -ms-flexbox;
  display: flex;
  -webkit-box-flex-wrap: wrap;
  -webkit-flex-wrap: wrap;
  -ms-flex-wrap: wrap;
  flex-wrap: wrap;
  width: 100%;
  -webkit-flex-direction: row;
  -ms-flex-direction: row;
  flex-direction: row;
  width: calc(100% + 40px);
  margin: -20px;
}

.emotion-1 {
  box-sizing: border-box;
  display: -webkit-box;
  display: -webkit-flex;
  display: -ms-flexbox;
  display: flex;
  -webkit-box-flex-wrap: wrap;
  -webkit-flex-wrap: wrap;
  -ms-flex-wrap: wrap;
  flex-wrap: wrap;
  width: 100%;
  margin: 0;
  -webkit-flex-direction: row;
  -ms-flex-direction: row;
  flex-direction: row;
  -webkit-flex-basis: 50%;
  -ms-flex-preferred-size: 50%;
  flex-basis: 50%;
  -webkit-box-flex: 0;
  -webkit-flex-grow: 0;
  -ms-flex-positive: 0;
  flex-grow: 0;
  max-width: 50%;
  padding: 20px;
  width: calc(100% + 16px);
  margin: -8px;
}

@media (min-width:600px) {
  .emotion-1 {
    -webkit-flex-basis: 50%;
    -ms-flex-preferred-size: 50%;
    flex-basis: 50%;
    -webkit-box-flex: 0;
    -webkit-flex-grow: 0;
    -ms-flex-positive: 0;
    flex-grow: 0;
    max-width: 50%;
  }
}

@media (min-width:960px) {
  .emotion-1 {
    -webkit-flex-basis: 50%;
    -ms-flex-preferred-size: 50%;
    flex-basis: 50%;
    -webkit-box-flex: 0;
    -webkit-flex-grow: 0;
    -ms-flex-positive: 0;
    flex-grow: 0;
    max-width: 50%;
  }
}

@media (min-width:1440px) {
  .emotion-1 {
    -webkit-flex-basis: 50%;
    -ms-flex-preferred-size: 50%;
    flex-basis: 50%;
    -webkit-box-flex: 0;
    -webkit-flex-grow: 0;
    -ms-flex-positive: 0;
    flex-grow: 0;
    max-width: 50%;
  }
}

@media (min-width:1920px) {
  .emotion-1 {
    -webkit-flex-basis: 50%;
    -ms-flex-preferred-size: 50%;
    flex-basis: 50%;
    -webkit-box-flex: 0;
    -webkit-flex-grow: 0;
    -ms-flex-positive: 0;
    flex-grow: 0;
    max-width: 50%;
  }
}

.emotion-2 {
  box-sizing: border-box;
  margin: 0;
  -webkit-flex-direction: row;
  -ms-flex-direction: row;
  flex-direction: row;
  -webkit-flex-basis: 33.333333%;
  -ms-flex-preferred-size: 33.333333%;
  flex-basis: 33.333333%;
  -webkit-box-flex: 0;
  -webkit-flex-grow: 0;
  -ms-flex-positive: 0;
  flex-grow: 0;
  max-width: 33.333333%;
  padding: 8px;
}

@media (min-width:600px) {
  .emotion-2 {
    -webkit-flex-basis: 33.333333%;
    -ms-flex-preferred-size: 33.333333%;
    flex-basis: 33.333333%;
    -webkit-box-flex: 0;
    -webkit-flex-grow: 0;
    -ms-flex-positive: 0;
    flex-grow: 0;
    max-width: 33.333333%;
  }
}

@media (min-width:960px) {
  .emotion-2 {
    -webkit-flex-basis: 33.333333%;
    -ms-flex-preferred-size: 33.333333%;
    flex-basis: 33.333333%;
    -webkit-box-flex: 0;
    -webkit-flex-grow: 0;
    -ms-flex-positive: 0;
    flex-grow: 0;
    max-width: 33.333333%;
  }
}

@media (min-width:1440px) {
  .emotion-2 {
    -webkit-flex-basis: 33.333333%;
    -ms-flex-preferred-size: 33.333333%;
    flex-basis: 33.333333%;
    -webkit-box-flex: 0;
    -webkit-flex-grow: 0;
    -ms-flex-positive: 0;
    flex-grow: 0;
    max-width: 33.333333%;
  }
}

@media (min-width:1920px) {
  .emotion-2 {
    -webkit-flex-basis: 33.333333%;
    -ms-flex-preferred-size: 33.333333%;
    flex-basis: 33.333333%;
    -webkit-box-flex: 0;
    -webkit-flex-grow: 0;
    -ms-flex-positive: 0;
    flex-grow: 0;
    max-width: 33.333333%;
  }
}

.emotion-3 {
  margin: 0;
  font-size: 0.875rem;
  font-weight: 400;
  letter-spacing: 0.15px;
  text-transform: none;
  font-family: Roboto,sans-serif;
  line-height: 1.43;
  color: #757575;
}

.emotion-4 {
  box-sizing: border-box;
  margin: 0;
  -webkit-flex-direction: row;
  -ms-flex-direction: row;
  flex-direction: row;
  -webkit-flex-basis: 66.666667%;
  -ms-flex-preferred-size: 66.666667%;
  flex-basis: 66.666667%;
  -webkit-box-flex: 0;
  -webkit-flex-grow: 0;
  -ms-flex-positive: 0;
  flex-grow: 0;
  max-width: 66.666667%;
  padding: 8px;
}

@media (min-width:600px) {
  .emotion-4 {
    -webkit-flex-basis: 66.666667%;
    -ms-flex-preferred-size: 66.666667%;
    flex-basis: 66.666667%;
    -webkit-box-flex: 0;
    -webkit-flex-grow: 0;
    -ms-flex-positive: 0;
    flex-grow: 0;
    max-width: 66.666667%;
  }
}

@media (min-width:960px) {
  .emotion-4 {
    -webkit-flex-basis: 66.666667%;
    -ms-flex-preferred-size: 66.666667%;
    flex-basis: 66.666667%;
    -webkit-box-flex: 0;
    -webkit-flex-grow: 0;
    -ms-flex-positive: 0;
    flex-grow: 0;
    max-width: 66.666667%;
  }
}

@media (min-width:1440px) {
  .emotion-4 {
    -webkit-flex-basis: 66.666667%;
    -ms-flex-preferred-size: 66.666667%;
    flex-basis: 66.666667%;
    -webkit-box-flex: 0;
    -webkit-flex-grow: 0;
    -ms-flex-positive: 0;
    flex-grow: 0;
    max-width: 66.666667%;
  }
}

@media (min-width:1920px) {
  .emotion-4 {
    -webkit-flex-basis: 66.666667%;
    -ms-flex-preferred-size: 66.666667%;
    flex-basis: 66.666667%;
    -webkit-box-flex: 0;
    -webkit-flex-grow: 0;
    -ms-flex-positive: 0;
    flex-grow: 0;
    max-width: 66.666667%;
  }
}

.emotion-5 {
  cursor: pointer;
  color: #2196F3;
  -webkit-text-decoration: none;
  text-decoration: none;
}

.emotion-5:hover {
  -webkit-text-decoration: underline;
  text-decoration: underline;
}

.emotion-6 {
  margin: 0;
  font-size: 0.875rem;
  font-weight: 400;
  letter-spacing: 0.15px;
  text-transform: none;
  font-family: Roboto,sans-serif;
  line-height: 1.43;
  color: #2196F3;
}

.emotion-10 {
  margin: 0;
  font-size: 0.875rem;
  font-weight: 400;
  letter-spacing: 0.15px;
  text-transform: none;
  font-family: Roboto,sans-serif;
  line-height: 1.43;
  display: -webkit-box;
  -webkit-line-clamp: 2;
  -webkit-box-orient: vertical;
  overflow: hidden;
}

<div>
  <div
    class="MuiGrid-root MuiGrid-container emotion-0"
  >
    <div
      class="MuiGrid-root MuiGrid-container MuiGrid-item MuiGrid-grid-xs-6 emotion-1"
    >
      <div
        class="MuiGrid-root MuiGrid-item MuiGrid-grid-xs-4 emotion-2"
      >
        <p
          class="MuiTypography-root MuiTypography-body2 emotion-3"
        >
          Book
        </p>
      </div>
      <div
        class="MuiGrid-root MuiGrid-item MuiGrid-grid-xs-8 emotion-4"
      >
        <a
          class="emotion-5"
          data-testid="StudyPlanInfo__bookLink"
          href="/syllabus/books/book_id/show"
        >
          <p
            class="MuiTypography-root MuiTypography-body2 emotion-6"
          >
            K Book
          </p>
        </a>
      </div>
      <div
        class="MuiGrid-root MuiGrid-item MuiGrid-grid-xs-4 emotion-2"
      >
        <p
          class="MuiTypography-root MuiTypography-body2 emotion-3"
        >
          Track School Progress
        </p>
      </div>
      <div
        class="MuiGrid-root MuiGrid-item MuiGrid-grid-xs-8 emotion-4"
      >
        <p
          class="MuiTypography-root MuiTypography-body2 emotion-10"
          data-testid="StudyPlanInfo__trackSchoolProgress"
          id="TypographyMaxLines__TypographyBase"
          title=""
        >
          Yes
        </p>
      </div>
    </div>
    <div
      class="MuiGrid-root MuiGrid-container MuiGrid-item MuiGrid-grid-xs-6 emotion-1"
    >
      <div
        class="MuiGrid-root MuiGrid-item MuiGrid-grid-xs-4 emotion-2"
      >
        <p
          class="MuiTypography-root MuiTypography-body2 emotion-3"
        >
          Grade
        </p>
      </div>
      <div
        class="MuiGrid-root MuiGrid-item MuiGrid-grid-xs-8 emotion-4"
      >
        <p
          class="MuiTypography-root MuiTypography-body2 emotion-10"
          data-testid="StudyPlanInfo__grades"
          id="TypographyMaxLines__TypographyBase"
          title=""
        >
          Grade 5, Grade 6
        </p>
      </div>
    </div>
  </div>
</div>
`;
