// Jest Snapshot v1, https://goo.gl/fbAQLP

exports[`<ChipFileDescriptionConversionErrorIcon /> component should match snapshot 1`] = `
.emotion-0 {
  margin-right: 12px;
  display: -webkit-box;
  display: -webkit-flex;
  display: -ms-flexbox;
  display: flex;
  -webkit-align-items: center;
  -webkit-box-align: center;
  -ms-flex-align: center;
  align-items: center;
}

.emotion-0>svg {
  width: 11px;
}

.emotion-0>svg>path {
  fill: #d32f2f;
}

<div>
  <div
    class="MuiBox-root emotion-0"
    data-testid="ChipFileDescriptionConversionErrorIcon__root"
  >
    <svg
      fill="none"
      height="24"
      viewBox="0 0 96 96"
      width="24"
      xmlns="http://www.w3.org/2000/svg"
    >
      <path
        clip-rule="evenodd"
        d="M92 48C92 72.3005 72.3005 92 48 92C23.6995 92 4 72.3005 4 48C4 23.6995 23.6995 4 48 4C72.3005 4 92 23.6995 92 48ZM42 29C42 25.6863 44.6863 23 48 23C51.3137 23 54 25.6863 54 29V49C54 52.3137 51.3137 55 48 55C44.6863 55 42 52.3137 42 49V29ZM48 61C44.6863 61 42 63.6863 42 67C42 70.3137 44.6863 73 48 73C51.3137 73 54 70.3137 54 67C54 63.6863 51.3137 61 48 61Z"
        fill="#586189"
        fill-rule="evenodd"
      />
    </svg>
  </div>
</div>
`;
