// Jest Snapshot v1, https://goo.gl/fbAQLP

exports[`<MicroRouting /> should render /timesheet path 1`] = `
<div>
  <div>
    TimesheetRouter
  </div>
</div>
`;
