// Jest Snapshot v1, https://goo.gl/fbAQLP

exports[`<CommonColumn/> should match snapshot 1`] = `
.emotion-0 {
  display: -webkit-box;
  display: -webkit-flex;
  display: -ms-flexbox;
  display: flex;
  -webkit-align-items: center;
  -webkit-box-align: center;
  -ms-flex-align: center;
  align-items: center;
}

.emotion-1 {
  margin: 0;
  font-size: 0.875rem;
  font-weight: 400;
  letter-spacing: 0.15px;
  text-transform: none;
  font-family: Roboto,sans-serif;
  line-height: 1.43;
  color: #4CAF50;
  padding-right: 4px;
}

.emotion-2 {
  margin: 0;
  font-size: 0.875rem;
  font-weight: 400;
  letter-spacing: 0.15px;
  text-transform: none;
  font-family: Roboto,sans-serif;
  line-height: 1.43;
}

<div>
  <div
    class="MuiBox-root emotion-0"
  >
    <p
      class="MuiTypography-root MuiTypography-body2 emotion-1"
    >
      [Current]
    </p>
    <p
      class="MuiTypography-root MuiTypography-body2 emotion-2"
    >
      Test
    </p>
  </div>
</div>
`;
