// Jest Snapshot v1, https://goo.gl/fbAQLP

exports[`<DialogCancelConfirm />  should match snapshot 1`] = `
.emotion-0 {
  position: fixed;
  z-index: 1300;
  right: 0;
  bottom: 0;
  top: 0;
  left: 0;
}

@media print {
  .emotion-0 {
    position: absolute!important;
  }
}

.emotion-1 {
  position: fixed;
  display: -webkit-box;
  display: -webkit-flex;
  display: -ms-flexbox;
  display: flex;
  -webkit-align-items: center;
  -webkit-box-align: center;
  -ms-flex-align: center;
  align-items: center;
  -webkit-box-pack: center;
  -ms-flex-pack: center;
  -webkit-justify-content: center;
  justify-content: center;
  right: 0;
  bottom: 0;
  top: 0;
  left: 0;
  background-color: rgba(0, 0, 0, 0.5);
  -webkit-tap-highlight-color: transparent;
  z-index: -1;
}

.emotion-2 {
  height: 100%;
  outline: 0;
  display: -webkit-box;
  display: -webkit-flex;
  display: -ms-flexbox;
  display: flex;
  -webkit-box-pack: center;
  -ms-flex-pack: center;
  -webkit-justify-content: center;
  justify-content: center;
  -webkit-align-items: center;
  -webkit-box-align: center;
  -ms-flex-align: center;
  align-items: center;
}

@media print {
  .emotion-2 {
    height: auto;
  }
}

.emotion-3 {
  background-color: #fff;
  color: #212121;
  -webkit-transition: box-shadow 300ms cubic-bezier(0.4, 0, 0.2, 1) 0ms;
  transition: box-shadow 300ms cubic-bezier(0.4, 0, 0.2, 1) 0ms;
  border-radius: 4px;
  box-shadow: 0px 11px 15px -7px rgba(0, 0, 0, 0.2),0px 24px 38px 3px rgba(0, 0, 0, 0.14),0px 9px 46px 8px rgba(0, 0, 0, 0.12);
  margin: 32px;
  position: relative;
  overflow-y: auto;
  display: -webkit-box;
  display: -webkit-flex;
  display: -ms-flexbox;
  display: flex;
  -webkit-flex-direction: column;
  -ms-flex-direction: column;
  flex-direction: column;
  max-height: calc(100% - 64px);
  max-width: 600px;
}

@media print {
  .emotion-3 {
    overflow-y: visible;
    box-shadow: none;
  }
}

@media (max-width:663.95px) {
  .emotion-3.MuiDialog-paperScrollBody {
    max-width: calc(100% - 64px);
  }
}

.emotion-4 {
  border-radius: 2px;
  box-shadow: 0px 11px 15px -7px rgba(0, 0, 0, 0.2),0px 24px 38px 3px rgba(0, 0, 0, 0.14),0px 9px 46px 8px rgba(0, 0, 0, 0.12);
  min-width: 600px;
  max-width: 600px;
}

.emotion-5 {
  background-color: #F5F5F5;
}

.emotion-6 {
  margin: 0;
  font-size: 1.25rem;
  font-weight: 500;
  letter-spacing: 0.15px;
  text-transform: none;
  font-family: Roboto,sans-serif;
  line-height: 1.6;
  padding: 16px 24px;
  -webkit-flex: 0 0 auto;
  -ms-flex: 0 0 auto;
  flex: 0 0 auto;
}

.emotion-7 {
  box-sizing: border-box;
  display: -webkit-box;
  display: -webkit-flex;
  display: -ms-flexbox;
  display: flex;
  -webkit-box-flex-wrap: wrap;
  -webkit-flex-wrap: wrap;
  -ms-flex-wrap: wrap;
  flex-wrap: wrap;
  width: 100%;
  -webkit-flex-direction: row;
  -ms-flex-direction: row;
  flex-direction: row;
  -webkit-box-pack: justify;
  -webkit-justify-content: space-between;
  justify-content: space-between;
}

.emotion-8 {
  box-sizing: border-box;
  margin: 0;
  -webkit-flex-direction: row;
  -ms-flex-direction: row;
  flex-direction: row;
}

.emotion-9 {
  margin: 0;
  font-size: 1.25rem;
  font-weight: 500;
  letter-spacing: 0.15px;
  text-transform: none;
  font-family: Roboto,sans-serif;
  line-height: 1.6;
}

.emotion-11 {
  display: -webkit-inline-box;
  display: -webkit-inline-flex;
  display: -ms-inline-flexbox;
  display: inline-flex;
}

.emotion-12 {
  margin-left: 8px;
}

.emotion-13 {
  display: -webkit-inline-box;
  display: -webkit-inline-flex;
  display: -ms-inline-flexbox;
  display: inline-flex;
  -webkit-align-items: center;
  -webkit-box-align: center;
  -ms-flex-align: center;
  align-items: center;
  -webkit-box-pack: center;
  -ms-flex-pack: center;
  -webkit-justify-content: center;
  justify-content: center;
  position: relative;
  box-sizing: border-box;
  -webkit-tap-highlight-color: transparent;
  background-color: transparent;
  outline: 0;
  border: 0;
  margin: 0;
  border-radius: 0;
  padding: 0;
  cursor: pointer;
  -webkit-user-select: none;
  -moz-user-select: none;
  -ms-user-select: none;
  user-select: none;
  vertical-align: middle;
  -moz-appearance: none;
  -webkit-appearance: none;
  -webkit-text-decoration: none;
  text-decoration: none;
  color: inherit;
  text-align: center;
  -webkit-flex: 0 0 auto;
  -ms-flex: 0 0 auto;
  flex: 0 0 auto;
  font-size: 1.5rem;
  padding: 8px;
  border-radius: 50%;
  overflow: visible;
  color: rgba(0, 0, 0, 0.54);
  -webkit-transition: background-color 150ms cubic-bezier(0.4, 0, 0.2, 1) 0ms;
  transition: background-color 150ms cubic-bezier(0.4, 0, 0.2, 1) 0ms;
  padding: 5px;
  font-size: 1.125rem;
  padding: 3px;
}

.emotion-13::-moz-focus-inner {
  border-style: none;
}

.emotion-13.Mui-disabled {
  pointer-events: none;
  cursor: default;
}

@media print {
  .emotion-13 {
    -webkit-print-color-adjust: exact;
    color-adjust: exact;
  }
}

.emotion-13:hover {
  background-color: rgba(0, 0, 0, 0.04);
}

@media (hover: none) {
  .emotion-13:hover {
    background-color: transparent;
  }
}

.emotion-13.Mui-disabled {
  background-color: transparent;
  color: #BDBDBD;
}

.emotion-14 {
  -webkit-user-select: none;
  -moz-user-select: none;
  -ms-user-select: none;
  user-select: none;
  width: 1em;
  height: 1em;
  display: inline-block;
  fill: currentColor;
  -webkit-flex-shrink: 0;
  -ms-flex-negative: 0;
  flex-shrink: 0;
  -webkit-transition: fill 200ms cubic-bezier(0.4, 0, 0.2, 1) 0ms;
  transition: fill 200ms cubic-bezier(0.4, 0, 0.2, 1) 0ms;
  font-size: 1.5rem;
}

.emotion-15 {
  overflow: hidden;
  pointer-events: none;
  position: absolute;
  z-index: 0;
  top: 0;
  right: 0;
  bottom: 0;
  left: 0;
  border-radius: inherit;
}

.emotion-16 {
  -webkit-flex: 1 1 auto;
  -ms-flex: 1 1 auto;
  flex: 1 1 auto;
  -webkit-overflow-scrolling: touch;
  overflow-y: auto;
  padding: 20px 24px;
  padding: 8px 24px;
  max-height: calc(100vh - 64px - 64px - (52px + 16px + 24px) - 0px);
}

.MuiDialogTitle-root+.emotion-16 {
  padding-top: 0;
}

.emotion-17 {
  padding-top: 8px;
  padding-bottom: 0px;
}

.emotion-18 {
  margin: 0;
  font-size: 1rem;
  font-weight: 400;
  letter-spacing: 0.15px;
  text-transform: none;
  font-family: Roboto,sans-serif;
  line-height: 1.5;
  color: #757575;
}

.emotion-19 {
  padding: 24px;
  padding-top: 16px;
}

.emotion-20 {
  display: -webkit-box;
  display: -webkit-flex;
  display: -ms-flexbox;
  display: flex;
  -webkit-align-items: center;
  -webkit-box-align: center;
  -ms-flex-align: center;
  align-items: center;
  padding: 8px;
  -webkit-box-pack: end;
  -ms-flex-pack: end;
  -webkit-justify-content: flex-end;
  justify-content: flex-end;
  -webkit-flex: 0 0 auto;
  -ms-flex: 0 0 auto;
  flex: 0 0 auto;
  padding: 0px;
}

.emotion-21 {
  box-sizing: border-box;
  display: -webkit-box;
  display: -webkit-flex;
  display: -ms-flexbox;
  display: flex;
  -webkit-box-flex-wrap: wrap;
  -webkit-flex-wrap: wrap;
  -ms-flex-wrap: wrap;
  flex-wrap: wrap;
  width: 100%;
  -webkit-flex-direction: row;
  -ms-flex-direction: row;
  flex-direction: row;
  -webkit-box-pack: end;
  -ms-flex-pack: end;
  -webkit-justify-content: flex-end;
  justify-content: flex-end;
}

.emotion-23 {
  display: -webkit-inline-box;
  display: -webkit-inline-flex;
  display: -ms-inline-flexbox;
  display: inline-flex;
  -webkit-align-items: center;
  -webkit-box-align: center;
  -ms-flex-align: center;
  align-items: center;
  -webkit-box-pack: center;
  -ms-flex-pack: center;
  -webkit-justify-content: center;
  justify-content: center;
  position: relative;
  box-sizing: border-box;
  -webkit-tap-highlight-color: transparent;
  background-color: transparent;
  outline: 0;
  border: 0;
  margin: 0;
  border-radius: 0;
  padding: 0;
  cursor: pointer;
  -webkit-user-select: none;
  -moz-user-select: none;
  -ms-user-select: none;
  user-select: none;
  vertical-align: middle;
  -moz-appearance: none;
  -webkit-appearance: none;
  -webkit-text-decoration: none;
  text-decoration: none;
  color: inherit;
  font-size: 0.875rem;
  font-weight: 500;
  letter-spacing: 0.4px;
  text-transform: capitalize;
  font-family: Roboto,sans-serif;
  line-height: 1.75;
  min-width: 64px;
  padding: 6px 8px;
  border-radius: 4px;
  -webkit-transition: background-color 250ms cubic-bezier(0.4, 0, 0.2, 1) 0ms,box-shadow 250ms cubic-bezier(0.4, 0, 0.2, 1) 0ms,border-color 250ms cubic-bezier(0.4, 0, 0.2, 1) 0ms,color 250ms cubic-bezier(0.4, 0, 0.2, 1) 0ms;
  transition: background-color 250ms cubic-bezier(0.4, 0, 0.2, 1) 0ms,box-shadow 250ms cubic-bezier(0.4, 0, 0.2, 1) 0ms,border-color 250ms cubic-bezier(0.4, 0, 0.2, 1) 0ms,color 250ms cubic-bezier(0.4, 0, 0.2, 1) 0ms;
  color: #E0E0E0;
  border-radius: 4px;
  color: #212121;
  margin-right: 16px;
}

.emotion-23::-moz-focus-inner {
  border-style: none;
}

.emotion-23.Mui-disabled {
  pointer-events: none;
  cursor: default;
}

@media print {
  .emotion-23 {
    -webkit-print-color-adjust: exact;
    color-adjust: exact;
  }
}

.emotion-23:hover {
  -webkit-text-decoration: none;
  text-decoration: none;
  background-color: rgba(224, 224, 224, 0.04);
}

@media (hover: none) {
  .emotion-23:hover {
    background-color: transparent;
  }
}

.emotion-23.Mui-disabled {
  color: #BDBDBD;
}

.emotion-23:hover {
  background-color: rgba(33, 33, 33, 0.04);
}

.emotion-26 {
  display: -webkit-inline-box;
  display: -webkit-inline-flex;
  display: -ms-inline-flexbox;
  display: inline-flex;
  -webkit-align-items: center;
  -webkit-box-align: center;
  -ms-flex-align: center;
  align-items: center;
  -webkit-box-pack: center;
  -ms-flex-pack: center;
  -webkit-justify-content: center;
  justify-content: center;
  position: relative;
  box-sizing: border-box;
  -webkit-tap-highlight-color: transparent;
  background-color: transparent;
  outline: 0;
  border: 0;
  margin: 0;
  border-radius: 0;
  padding: 0;
  cursor: pointer;
  -webkit-user-select: none;
  -moz-user-select: none;
  -ms-user-select: none;
  user-select: none;
  vertical-align: middle;
  -moz-appearance: none;
  -webkit-appearance: none;
  -webkit-text-decoration: none;
  text-decoration: none;
  color: inherit;
  font-size: 0.875rem;
  font-weight: 500;
  letter-spacing: 0.4px;
  text-transform: capitalize;
  font-family: Roboto,sans-serif;
  line-height: 1.75;
  min-width: 64px;
  padding: 6px 16px;
  border-radius: 4px;
  -webkit-transition: background-color 250ms cubic-bezier(0.4, 0, 0.2, 1) 0ms,box-shadow 250ms cubic-bezier(0.4, 0, 0.2, 1) 0ms,border-color 250ms cubic-bezier(0.4, 0, 0.2, 1) 0ms,color 250ms cubic-bezier(0.4, 0, 0.2, 1) 0ms;
  transition: background-color 250ms cubic-bezier(0.4, 0, 0.2, 1) 0ms,box-shadow 250ms cubic-bezier(0.4, 0, 0.2, 1) 0ms,border-color 250ms cubic-bezier(0.4, 0, 0.2, 1) 0ms,color 250ms cubic-bezier(0.4, 0, 0.2, 1) 0ms;
  background-color: #E0E0E0;
  box-shadow: 0px 3px 1px -2px rgba(0, 0, 0, 0.2),0px 2px 2px rgba(0, 0, 0, 0.14),0px 1px 5px rgba(0, 0, 0, 0.12);
  border-radius: 4px;
  color: rgba(0, 0, 0, 0.87);
  background-color: #F44336;
  color: #fff;
}

.emotion-26::-moz-focus-inner {
  border-style: none;
}

.emotion-26.Mui-disabled {
  pointer-events: none;
  cursor: default;
}

@media print {
  .emotion-26 {
    -webkit-print-color-adjust: exact;
    color-adjust: exact;
  }
}

.emotion-26:hover {
  -webkit-text-decoration: none;
  text-decoration: none;
  background-color: #BDBDBD;
  box-shadow: 0px 2px 4px -1px rgba(0, 0, 0, 0.2),0px 4px 5px rgba(0, 0, 0, 0.14),0px 1px 10px rgba(0, 0, 0, 0.12);
}

@media (hover: none) {
  .emotion-26:hover {
    background-color: #E0E0E0;
  }
}

.emotion-26:active {
  box-shadow: 0px 5px 5px -3px rgba(0, 0, 0, 0.2),0px 8px 10px 1px rgba(0, 0, 0, 0.14),0px 3px 14px 2px rgba(0, 0, 0, 0.12);
}

.emotion-26.Mui-focusVisible {
  box-shadow: 0px 3px 5px -1px rgba(0, 0, 0, 0.2),0px 6px 10px rgba(0, 0, 0, 0.14),0px 1px 18px rgba(0, 0, 0, 0.12);
}

.emotion-26.Mui-disabled {
  color: #BDBDBD;
  box-shadow: none;
  background-color: #E0E0E0;
}

.emotion-26:hover {
  background-color: #E31B0C;
}

<div
  class="MuiModal-root MuiDialog-root emotion-0"
  data-testid="DialogCancelConfirm__dialog"
  role="presentation"
  title="Cancel title"
>
  <div
    aria-hidden="true"
    class="MuiBackdrop-root emotion-1"
    style="opacity: 1; webkit-transition: opacity 225ms cubic-bezier(0.4, 0, 0.2, 1) 0ms; transition: opacity 225ms cubic-bezier(0.4, 0, 0.2, 1) 0ms;"
  />
  <div
    data-test="sentinelStart"
    tabindex="0"
  />
  <div
    class="MuiDialog-container MuiDialog-scrollPaper emotion-2"
    role="presentation"
    style="opacity: 1; webkit-transition: opacity 225ms cubic-bezier(0.4, 0, 0.2, 1) 0ms; transition: opacity 225ms cubic-bezier(0.4, 0, 0.2, 1) 0ms;"
    tabindex="-1"
  >
    <div
      aria-labelledby="mui-3"
      class="MuiPaper-root MuiPaper-elevation MuiPaper-rounded MuiPaper-elevation24 MuiDialog-paper MuiDialog-paperScrollPaper MuiDialog-paperWidthSm emotion-3"
      role="dialog"
    >
      <div
        class="MuiBox-root emotion-4"
        data-testid="DialogWithHeaderFooter_wrapper"
      >
        <div
          class="MuiBox-root emotion-5"
        >
          <h2
            class="MuiTypography-root MuiTypography-h6 MuiDialogTitle-root emotion-6"
            data-testid="DialogWithHeaderFooter__dialogTitle"
            id="mui-3"
          >
            <div
              class="MuiGrid-root MuiGrid-container emotion-7"
            >
              <div
                class="MuiGrid-root MuiGrid-item emotion-8"
              >
                <h6
                  class="MuiTypography-root MuiTypography-h6 emotion-9"
                >
                  Cancel title
                </h6>
              </div>
              <div
                class="MuiGrid-root MuiGrid-item emotion-8"
              >
                <div
                  class="MuiBox-root emotion-11"
                >
                  <div
                    class="MuiBox-root emotion-12"
                  >
                    <button
                      class="MuiButtonBase-root MuiIconButton-root MuiIconButton-sizeSmall emotion-13"
                      data-testid="DialogWithHeaderFooter__buttonExit"
                      tabindex="0"
                      type="button"
                    >
                      <svg
                        aria-hidden="true"
                        class="MuiSvgIcon-root MuiSvgIcon-fontSizeMedium emotion-14"
                        data-testid="CloseIcon"
                        focusable="false"
                        viewBox="0 0 24 24"
                      >
                        <path
                          d="M19 6.41 17.59 5 12 10.59 6.41 5 5 6.41 10.59 12 5 17.59 6.41 19 12 13.41 17.59 19 19 17.59 13.41 12z"
                        />
                      </svg>
                      <span
                        class="MuiTouchRipple-root emotion-15"
                      />
                    </button>
                  </div>
                </div>
              </div>
            </div>
          </h2>
        </div>
        <div
          class="MuiDialogContent-root emotion-16"
          data-testid="DialogWithHeaderFooter__dialogContent"
        >
          <div
            class="MuiBox-root emotion-17"
          >
            <form
              novalidate=""
            >
              <p
                class="MuiTypography-root MuiTypography-body1 emotion-18"
              >
                Cancel text
              </p>
            </form>
          </div>
        </div>
        <div
          class="MuiBox-root emotion-19"
        >
          <div
            class="MuiDialogActions-root emotion-20"
            data-testid="DialogWithHeaderFooter__dialogActions"
          >
            <div
              class="MuiGrid-root MuiGrid-container emotion-21"
            >
              <div
                class="MuiGrid-root MuiGrid-item emotion-8"
              >
                <button
                  aria-label="ra.common.action.cancel"
                  class="MuiButton-root MuiButton-text MuiButton-textDefault MuiButton-sizeMedium MuiButton-textSizeMedium MuiButtonBase-root emotion-23"
                  data-testid="FooterDialogConfirm__buttonClose"
                  tabindex="0"
                  type="button"
                >
                  ra.common.action.cancel
                  <span
                    class="MuiTouchRipple-root emotion-15"
                  />
                </button>
              </div>
              <div
                class="MuiGrid-root MuiGrid-item emotion-8"
              >
                <button
                  aria-label="ra.common.action.confirm"
                  class="MuiButton-root MuiButton-contained MuiButton-containedDefault MuiButton-sizeMedium MuiButton-containedSizeMedium MuiButtonBase-root  emotion-26"
                  data-testid="FooterDialogConfirm__buttonSave"
                  tabindex="0"
                  type="button"
                >
                  ra.common.action.confirm
                  <span
                    class="MuiTouchRipple-root emotion-15"
                  />
                </button>
              </div>
            </div>
          </div>
        </div>
      </div>
    </div>
  </div>
  <div
    data-test="sentinelEnd"
    tabindex="0"
  />
</div>
`;
