// Jest Snapshot v1, https://goo.gl/fbAQLP

exports[`<CourseRouter /> should render course list without crash 1`] = `
<div>
  <div>
    CourseList
  </div>
</div>
`;
