// Jest Snapshot v1, https://goo.gl/fbAQLP

exports[`StudentListPage 1`] = `
.emotion-0 {
  margin: 0 auto;
  width: 100%;
  max-width: 1600px;
}

.emotion-1 {
  padding-bottom: 24px;
}

.emotion-2 {
  margin: 0;
  font-size: 1.25rem;
  font-weight: 500;
  letter-spacing: 0.15px;
  text-transform: none;
  font-family: Roboto,sans-serif;
  line-height: 1.6;
}

.emotion-3 {
  box-sizing: border-box;
  display: -webkit-box;
  display: -webkit-flex;
  display: -ms-flexbox;
  display: flex;
  -webkit-box-flex-wrap: wrap;
  -webkit-flex-wrap: wrap;
  -ms-flex-wrap: wrap;
  flex-wrap: wrap;
  width: 100%;
  -webkit-flex-direction: row;
  -ms-flex-direction: row;
  flex-direction: row;
  margin-top: -16px;
  width: calc(100% + 16px);
  margin-left: -16px;
}

.emotion-3>.MuiGrid-item {
  padding-top: 16px;
}

.emotion-3>.MuiGrid-item {
  padding-left: 16px;
}

.emotion-4 {
  box-sizing: border-box;
  margin: 0;
  -webkit-flex-direction: row;
  -ms-flex-direction: row;
  flex-direction: row;
  -webkit-flex-basis: 100%;
  -ms-flex-preferred-size: 100%;
  flex-basis: 100%;
  -webkit-box-flex: 0;
  -webkit-flex-grow: 0;
  -ms-flex-positive: 0;
  flex-grow: 0;
  max-width: 100%;
}

@media (min-width:600px) {
  .emotion-4 {
    -webkit-flex-basis: 100%;
    -ms-flex-preferred-size: 100%;
    flex-basis: 100%;
    -webkit-box-flex: 0;
    -webkit-flex-grow: 0;
    -ms-flex-positive: 0;
    flex-grow: 0;
    max-width: 100%;
  }
}

@media (min-width:960px) {
  .emotion-4 {
    -webkit-flex-basis: 100%;
    -ms-flex-preferred-size: 100%;
    flex-basis: 100%;
    -webkit-box-flex: 0;
    -webkit-flex-grow: 0;
    -ms-flex-positive: 0;
    flex-grow: 0;
    max-width: 100%;
  }
}

@media (min-width:1440px) {
  .emotion-4 {
    -webkit-flex-basis: 100%;
    -ms-flex-preferred-size: 100%;
    flex-basis: 100%;
    -webkit-box-flex: 0;
    -webkit-flex-grow: 0;
    -ms-flex-positive: 0;
    flex-grow: 0;
    max-width: 100%;
  }
}

@media (min-width:1920px) {
  .emotion-4 {
    -webkit-flex-basis: 100%;
    -ms-flex-preferred-size: 100%;
    flex-basis: 100%;
    -webkit-box-flex: 0;
    -webkit-flex-grow: 0;
    -ms-flex-positive: 0;
    flex-grow: 0;
    max-width: 100%;
  }
}

.emotion-5 {
  display: -webkit-box;
  display: -webkit-flex;
  display: -ms-flexbox;
  display: flex;
  -webkit-box-pack: justify;
  -webkit-justify-content: space-between;
  justify-content: space-between;
  -webkit-align-items: start;
  -webkit-box-align: start;
  -ms-flex-align: start;
  align-items: start;
}

.emotion-7 {
  display: -webkit-box;
  display: -webkit-flex;
  display: -ms-flexbox;
  display: flex;
  -webkit-align-items: center;
  -webkit-box-align: center;
  -ms-flex-align: center;
  align-items: center;
  width: 560px;
  max-width: 100%;
}

.emotion-8 {
  -webkit-box-flex: 1;
  -webkit-flex-grow: 1;
  -ms-flex-positive: 1;
  flex-grow: 1;
  display: -webkit-box;
  display: -webkit-flex;
  display: -ms-flexbox;
  display: flex;
}

.emotion-9 {
  display: -webkit-inline-box;
  display: -webkit-inline-flex;
  display: -ms-inline-flexbox;
  display: inline-flex;
  -webkit-flex-direction: column;
  -ms-flex-direction: column;
  flex-direction: column;
  position: relative;
  min-width: 0;
  padding: 0;
  margin: 0;
  border: 0;
  vertical-align: top;
  width: 100%;
  margin-top: 0px;
  margin-bottom: 0px;
}

.emotion-9 .TextFieldBase-readOnly .MuiInputBase-root {
  background-color: #FAFAFA;
}

.emotion-9 .TextFieldFilter-inputRoot {
  border-top-right-radius: 0;
  border-bottom-right-radius: 0;
}

.emotion-9 .TextFieldFilter-inputPadding {
  padding-top: 8.5px;
  padding-bottom: 8.5px;
  height: 1.1876em;
}

.emotion-10 {
  font-size: 1rem;
  font-weight: 400;
  letter-spacing: 0.15px;
  text-transform: none;
  font-family: Roboto,sans-serif;
  line-height: 1.4375em;
  color: #212121;
  box-sizing: border-box;
  position: relative;
  cursor: text;
  display: -webkit-inline-box;
  display: -webkit-inline-flex;
  display: -ms-inline-flexbox;
  display: inline-flex;
  -webkit-align-items: center;
  -webkit-box-align: center;
  -ms-flex-align: center;
  align-items: center;
  width: 100%;
  line-height: 1.1876em;
  position: relative;
  border-radius: 4px;
  padding-left: 14px;
}

.emotion-10.Mui-disabled {
  color: #9E9E9E;
  cursor: default;
}

.emotion-10:hover .MuiOutlinedInput-notchedOutline {
  border-color: #212121;
}

@media (hover: none) {
  .emotion-10:hover .MuiOutlinedInput-notchedOutline {
    border-color: rgba(0, 0, 0, 0.23);
  }
}

.emotion-10.Mui-focused .MuiOutlinedInput-notchedOutline {
  border-color: #2196F3;
  border-width: 2px;
}

.emotion-10.Mui-error .MuiOutlinedInput-notchedOutline {
  border-color: #F44336;
}

.emotion-10.Mui-disabled .MuiOutlinedInput-notchedOutline {
  border-color: #BDBDBD;
}

.emotion-11 {
  display: -webkit-box;
  display: -webkit-flex;
  display: -ms-flexbox;
  display: flex;
  height: 0.01em;
  max-height: 2em;
  -webkit-align-items: center;
  -webkit-box-align: center;
  -ms-flex-align: center;
  align-items: center;
  white-space: nowrap;
  color: rgba(0, 0, 0, 0.54);
  margin-right: 8px;
}

.emotion-12 {
  -webkit-user-select: none;
  -moz-user-select: none;
  -ms-user-select: none;
  user-select: none;
  width: 1em;
  height: 1em;
  display: inline-block;
  fill: currentColor;
  -webkit-flex-shrink: 0;
  -ms-flex-negative: 0;
  flex-shrink: 0;
  -webkit-transition: fill 200ms cubic-bezier(0.4, 0, 0.2, 1) 0ms;
  transition: fill 200ms cubic-bezier(0.4, 0, 0.2, 1) 0ms;
  font-size: 1.25rem;
  color: rgba(0, 0, 0, 0.54);
}

.emotion-13 {
  font: inherit;
  letter-spacing: inherit;
  color: currentColor;
  padding: 4px 0 5px;
  border: 0;
  box-sizing: content-box;
  background: none;
  height: 1.4375em;
  margin: 0;
  -webkit-tap-highlight-color: transparent;
  display: block;
  min-width: 0;
  width: 100%;
  -webkit-animation-name: mui-auto-fill-cancel;
  animation-name: mui-auto-fill-cancel;
  -webkit-animation-duration: 10ms;
  animation-duration: 10ms;
  padding: 16.5px 14px;
  padding-left: 0;
}

.emotion-13::-webkit-input-placeholder {
  color: currentColor;
  opacity: 0.42;
  -webkit-transition: opacity 200ms cubic-bezier(0.4, 0, 0.2, 1) 0ms;
  transition: opacity 200ms cubic-bezier(0.4, 0, 0.2, 1) 0ms;
}

.emotion-13::-moz-placeholder {
  color: currentColor;
  opacity: 0.42;
  -webkit-transition: opacity 200ms cubic-bezier(0.4, 0, 0.2, 1) 0ms;
  transition: opacity 200ms cubic-bezier(0.4, 0, 0.2, 1) 0ms;
}

.emotion-13:-ms-input-placeholder {
  color: currentColor;
  opacity: 0.42;
  -webkit-transition: opacity 200ms cubic-bezier(0.4, 0, 0.2, 1) 0ms;
  transition: opacity 200ms cubic-bezier(0.4, 0, 0.2, 1) 0ms;
}

.emotion-13::-ms-input-placeholder {
  color: currentColor;
  opacity: 0.42;
  -webkit-transition: opacity 200ms cubic-bezier(0.4, 0, 0.2, 1) 0ms;
  transition: opacity 200ms cubic-bezier(0.4, 0, 0.2, 1) 0ms;
}

.emotion-13:focus {
  outline: 0;
}

.emotion-13:invalid {
  box-shadow: none;
}

.emotion-13::-webkit-search-decoration {
  -webkit-appearance: none;
}

label[data-shrink=false]+.MuiInputBase-formControl .emotion-13::-webkit-input-placeholder {
  opacity: 0!important;
}

label[data-shrink=false]+.MuiInputBase-formControl .emotion-13::-moz-placeholder {
  opacity: 0!important;
}

label[data-shrink=false]+.MuiInputBase-formControl .emotion-13:-ms-input-placeholder {
  opacity: 0!important;
}

label[data-shrink=false]+.MuiInputBase-formControl .emotion-13::-ms-input-placeholder {
  opacity: 0!important;
}

label[data-shrink=false]+.MuiInputBase-formControl .emotion-13:focus::-webkit-input-placeholder {
  opacity: 0.42;
}

label[data-shrink=false]+.MuiInputBase-formControl .emotion-13:focus::-moz-placeholder {
  opacity: 0.42;
}

label[data-shrink=false]+.MuiInputBase-formControl .emotion-13:focus:-ms-input-placeholder {
  opacity: 0.42;
}

label[data-shrink=false]+.MuiInputBase-formControl .emotion-13:focus::-ms-input-placeholder {
  opacity: 0.42;
}

.emotion-13.Mui-disabled {
  opacity: 1;
  -webkit-text-fill-color: #9E9E9E;
}

.emotion-13:-webkit-autofill {
  -webkit-animation-duration: 5000s;
  animation-duration: 5000s;
  -webkit-animation-name: mui-auto-fill;
  animation-name: mui-auto-fill;
}

.emotion-13:-webkit-autofill {
  border-radius: inherit;
}

.emotion-14 {
  text-align: left;
  position: absolute;
  bottom: 0;
  right: 0;
  top: -5px;
  left: 0;
  margin: 0;
  padding: 0 8px;
  pointer-events: none;
  border-radius: inherit;
  border-style: solid;
  border-width: 1px;
  overflow: hidden;
  min-width: 0%;
  border-color: rgba(0, 0, 0, 0.23);
}

.emotion-15 {
  float: unset;
  overflow: hidden;
  padding: 0;
  line-height: 11px;
  -webkit-transition: width 150ms cubic-bezier(0.0, 0, 0.2, 1) 0ms;
  transition: width 150ms cubic-bezier(0.0, 0, 0.2, 1) 0ms;
}

.emotion-16 {
  display: -webkit-inline-box;
  display: -webkit-inline-flex;
  display: -ms-inline-flexbox;
  display: inline-flex;
  -webkit-align-items: center;
  -webkit-box-align: center;
  -ms-flex-align: center;
  align-items: center;
  -webkit-box-pack: center;
  -ms-flex-pack: center;
  -webkit-justify-content: center;
  justify-content: center;
  position: relative;
  box-sizing: border-box;
  -webkit-tap-highlight-color: transparent;
  background-color: transparent;
  outline: 0;
  border: 0;
  margin: 0;
  border-radius: 0;
  padding: 0;
  cursor: pointer;
  -webkit-user-select: none;
  -moz-user-select: none;
  -ms-user-select: none;
  user-select: none;
  vertical-align: middle;
  -moz-appearance: none;
  -webkit-appearance: none;
  -webkit-text-decoration: none;
  text-decoration: none;
  color: inherit;
  font-size: 0.875rem;
  font-weight: 500;
  letter-spacing: 0.4px;
  text-transform: capitalize;
  font-family: Roboto,sans-serif;
  line-height: 1.75;
  min-width: 64px;
  padding: 5px 15px;
  border-radius: 4px;
  -webkit-transition: background-color 250ms cubic-bezier(0.4, 0, 0.2, 1) 0ms,box-shadow 250ms cubic-bezier(0.4, 0, 0.2, 1) 0ms,border-color 250ms cubic-bezier(0.4, 0, 0.2, 1) 0ms,color 250ms cubic-bezier(0.4, 0, 0.2, 1) 0ms;
  transition: background-color 250ms cubic-bezier(0.4, 0, 0.2, 1) 0ms,box-shadow 250ms cubic-bezier(0.4, 0, 0.2, 1) 0ms,border-color 250ms cubic-bezier(0.4, 0, 0.2, 1) 0ms,color 250ms cubic-bezier(0.4, 0, 0.2, 1) 0ms;
  border: 1px solid rgba(224, 224, 224, 0.5);
  color: #E0E0E0;
  border-radius: 4px;
  color: #212121;
  border-color: rgba(0, 0, 0, 0.23);
  border-top-left-radius: 0;
  border-bottom-left-radius: 0;
  background-color: #FAFAFA;
  border-color: #E0E0E0;
  border-left: none;
  color: #757575;
}

.emotion-16::-moz-focus-inner {
  border-style: none;
}

.emotion-16.Mui-disabled {
  pointer-events: none;
  cursor: default;
}

@media print {
  .emotion-16 {
    -webkit-print-color-adjust: exact;
    color-adjust: exact;
  }
}

.emotion-16:hover {
  -webkit-text-decoration: none;
  text-decoration: none;
  background-color: rgba(224, 224, 224, 0.04);
  border: 1px solid #E0E0E0;
}

@media (hover: none) {
  .emotion-16:hover {
    background-color: transparent;
  }
}

.emotion-16.Mui-disabled {
  color: #BDBDBD;
  border: 1px solid #E0E0E0;
}

.emotion-16.Mui-disabled {
  border: 1px solid #E0E0E0;
}

.emotion-16:hover {
  border-color: rgba(0, 0, 0, 0.23);
  background-color: rgba(33, 33, 33, 0.04);
}

.emotion-16:hover {
  border-color: #E0E0E0;
  border-left: none;
}

.emotion-17 {
  display: inherit;
  margin-right: -4px;
  margin-left: 8px;
}

.emotion-17>*:nth-of-type(1) {
  font-size: 20px;
}

.emotion-18 {
  -webkit-user-select: none;
  -moz-user-select: none;
  -ms-user-select: none;
  user-select: none;
  width: 1em;
  height: 1em;
  display: inline-block;
  fill: currentColor;
  -webkit-flex-shrink: 0;
  -ms-flex-negative: 0;
  flex-shrink: 0;
  -webkit-transition: fill 200ms cubic-bezier(0.4, 0, 0.2, 1) 0ms;
  transition: fill 200ms cubic-bezier(0.4, 0, 0.2, 1) 0ms;
  font-size: 1.5rem;
}

.emotion-19 {
  overflow: hidden;
  pointer-events: none;
  position: absolute;
  z-index: 0;
  top: 0;
  right: 0;
  bottom: 0;
  left: 0;
  border-radius: inherit;
}

.emotion-20 {
  display: -webkit-box;
  display: -webkit-flex;
  display: -ms-flexbox;
  display: flex;
  -webkit-align-items: center;
  -webkit-box-align: center;
  -ms-flex-align: center;
  align-items: center;
}

.emotion-21 {
  display: -webkit-inline-box;
  display: -webkit-inline-flex;
  display: -ms-inline-flexbox;
  display: inline-flex;
  border-radius: 4px;
  height: 36px;
}

.emotion-21 .MuiButtonGroup-grouped {
  min-width: 40px;
}

.emotion-21 .MuiButtonGroup-grouped:not(:first-of-type) {
  border-top-left-radius: 0;
  border-bottom-left-radius: 0;
  margin-left: -1px;
}

.emotion-21 .MuiButtonGroup-grouped:not(:last-of-type) {
  border-top-right-radius: 0;
  border-bottom-right-radius: 0;
  border-right-color: transparent;
}

.emotion-21 .MuiButtonGroup-grouped:not(:last-of-type):hover {
  border-right-color: currentColor;
}

.emotion-22 {
  display: -webkit-inline-box;
  display: -webkit-inline-flex;
  display: -ms-inline-flexbox;
  display: inline-flex;
  -webkit-align-items: center;
  -webkit-box-align: center;
  -ms-flex-align: center;
  align-items: center;
  -webkit-box-pack: center;
  -ms-flex-pack: center;
  -webkit-justify-content: center;
  justify-content: center;
  position: relative;
  box-sizing: border-box;
  -webkit-tap-highlight-color: transparent;
  background-color: transparent;
  outline: 0;
  border: 0;
  margin: 0;
  border-radius: 0;
  padding: 0;
  cursor: pointer;
  -webkit-user-select: none;
  -moz-user-select: none;
  -ms-user-select: none;
  user-select: none;
  vertical-align: middle;
  -moz-appearance: none;
  -webkit-appearance: none;
  -webkit-text-decoration: none;
  text-decoration: none;
  color: inherit;
  font-size: 0.875rem;
  font-weight: 500;
  letter-spacing: 0.4px;
  text-transform: capitalize;
  font-family: Roboto,sans-serif;
  line-height: 1.75;
  min-width: 64px;
  padding: 6px 16px;
  border-radius: 4px;
  -webkit-transition: background-color 250ms cubic-bezier(0.4, 0, 0.2, 1) 0ms,box-shadow 250ms cubic-bezier(0.4, 0, 0.2, 1) 0ms,border-color 250ms cubic-bezier(0.4, 0, 0.2, 1) 0ms,color 250ms cubic-bezier(0.4, 0, 0.2, 1) 0ms;
  transition: background-color 250ms cubic-bezier(0.4, 0, 0.2, 1) 0ms,box-shadow 250ms cubic-bezier(0.4, 0, 0.2, 1) 0ms,border-color 250ms cubic-bezier(0.4, 0, 0.2, 1) 0ms,color 250ms cubic-bezier(0.4, 0, 0.2, 1) 0ms;
  color: #fff;
  background-color: #2196F3;
  box-shadow: 0px 3px 1px -2px rgba(0, 0, 0, 0.2),0px 2px 2px rgba(0, 0, 0, 0.14),0px 1px 5px rgba(0, 0, 0, 0.12);
  border-radius: 4px;
}

.emotion-22::-moz-focus-inner {
  border-style: none;
}

.emotion-22.Mui-disabled {
  pointer-events: none;
  cursor: default;
}

@media print {
  .emotion-22 {
    -webkit-print-color-adjust: exact;
    color-adjust: exact;
  }
}

.emotion-22:hover {
  -webkit-text-decoration: none;
  text-decoration: none;
  background-color: #0B79D0;
  box-shadow: 0px 2px 4px -1px rgba(0, 0, 0, 0.2),0px 4px 5px rgba(0, 0, 0, 0.14),0px 1px 10px rgba(0, 0, 0, 0.12);
}

@media (hover: none) {
  .emotion-22:hover {
    background-color: #2196F3;
  }
}

.emotion-22:active {
  box-shadow: 0px 5px 5px -3px rgba(0, 0, 0, 0.2),0px 8px 10px 1px rgba(0, 0, 0, 0.14),0px 3px 14px 2px rgba(0, 0, 0, 0.12);
}

.emotion-22.Mui-focusVisible {
  box-shadow: 0px 3px 5px -1px rgba(0, 0, 0, 0.2),0px 6px 10px rgba(0, 0, 0, 0.14),0px 1px 18px rgba(0, 0, 0, 0.12);
}

.emotion-22.Mui-disabled {
  color: #BDBDBD;
  box-shadow: none;
  background-color: #E0E0E0;
}

.emotion-24 {
  display: -webkit-inline-box;
  display: -webkit-inline-flex;
  display: -ms-inline-flexbox;
  display: inline-flex;
  -webkit-align-items: center;
  -webkit-box-align: center;
  -ms-flex-align: center;
  align-items: center;
  -webkit-box-pack: center;
  -ms-flex-pack: center;
  -webkit-justify-content: center;
  justify-content: center;
  position: relative;
  box-sizing: border-box;
  -webkit-tap-highlight-color: transparent;
  background-color: transparent;
  outline: 0;
  border: 0;
  margin: 0;
  border-radius: 0;
  padding: 0;
  cursor: pointer;
  -webkit-user-select: none;
  -moz-user-select: none;
  -ms-user-select: none;
  user-select: none;
  vertical-align: middle;
  -moz-appearance: none;
  -webkit-appearance: none;
  -webkit-text-decoration: none;
  text-decoration: none;
  color: inherit;
  font-size: 0.8125rem;
  font-weight: 500;
  letter-spacing: 0.4px;
  text-transform: capitalize;
  font-family: Roboto,sans-serif;
  line-height: 1.75;
  min-width: 64px;
  padding: 4px 10px;
  border-radius: 4px;
  -webkit-transition: background-color 250ms cubic-bezier(0.4, 0, 0.2, 1) 0ms,box-shadow 250ms cubic-bezier(0.4, 0, 0.2, 1) 0ms,border-color 250ms cubic-bezier(0.4, 0, 0.2, 1) 0ms,color 250ms cubic-bezier(0.4, 0, 0.2, 1) 0ms;
  transition: background-color 250ms cubic-bezier(0.4, 0, 0.2, 1) 0ms,box-shadow 250ms cubic-bezier(0.4, 0, 0.2, 1) 0ms,border-color 250ms cubic-bezier(0.4, 0, 0.2, 1) 0ms,color 250ms cubic-bezier(0.4, 0, 0.2, 1) 0ms;
  color: #fff;
  background-color: #2196F3;
  box-shadow: 0px 3px 1px -2px rgba(0, 0, 0, 0.2),0px 2px 2px rgba(0, 0, 0, 0.14),0px 1px 5px rgba(0, 0, 0, 0.12);
  border-radius: 4px;
  background: #0B79D0;
  min-width: 52px;
}

.emotion-24::-moz-focus-inner {
  border-style: none;
}

.emotion-24.Mui-disabled {
  pointer-events: none;
  cursor: default;
}

@media print {
  .emotion-24 {
    -webkit-print-color-adjust: exact;
    color-adjust: exact;
  }
}

.emotion-24:hover {
  -webkit-text-decoration: none;
  text-decoration: none;
  background-color: #0B79D0;
  box-shadow: 0px 2px 4px -1px rgba(0, 0, 0, 0.2),0px 4px 5px rgba(0, 0, 0, 0.14),0px 1px 10px rgba(0, 0, 0, 0.12);
}

@media (hover: none) {
  .emotion-24:hover {
    background-color: #2196F3;
  }
}

.emotion-24:active {
  box-shadow: 0px 5px 5px -3px rgba(0, 0, 0, 0.2),0px 8px 10px 1px rgba(0, 0, 0, 0.14),0px 3px 14px 2px rgba(0, 0, 0, 0.12);
}

.emotion-24.Mui-focusVisible {
  box-shadow: 0px 3px 5px -1px rgba(0, 0, 0, 0.2),0px 6px 10px rgba(0, 0, 0, 0.14),0px 1px 18px rgba(0, 0, 0, 0.12);
}

.emotion-24.Mui-disabled {
  color: #BDBDBD;
  box-shadow: none;
  background-color: #E0E0E0;
}

.emotion-27 {
  margin-left: 16px;
}

.emotion-28 {
  display: -webkit-box;
  display: -webkit-flex;
  display: -ms-flexbox;
  display: flex;
}

.emotion-29 .IconButtonWithAnchorMenu-sizeSmall {
  padding: 10px;
}

.emotion-29.IconButtonWithAnchorMenu-root:hover {
  color: #2196F3;
}

.emotion-29 .IconButtonWithAnchorMenu-iconButton {
  border-radius: 8px;
  background-color: #EEEEEE;
}

.emotion-30 {
  display: -webkit-inline-box;
  display: -webkit-inline-flex;
  display: -ms-inline-flexbox;
  display: inline-flex;
  -webkit-align-items: center;
  -webkit-box-align: center;
  -ms-flex-align: center;
  align-items: center;
  -webkit-box-pack: center;
  -ms-flex-pack: center;
  -webkit-justify-content: center;
  justify-content: center;
  position: relative;
  box-sizing: border-box;
  -webkit-tap-highlight-color: transparent;
  background-color: transparent;
  outline: 0;
  border: 0;
  margin: 0;
  border-radius: 0;
  padding: 0;
  cursor: pointer;
  -webkit-user-select: none;
  -moz-user-select: none;
  -ms-user-select: none;
  user-select: none;
  vertical-align: middle;
  -moz-appearance: none;
  -webkit-appearance: none;
  -webkit-text-decoration: none;
  text-decoration: none;
  color: inherit;
  text-align: center;
  -webkit-flex: 0 0 auto;
  -ms-flex: 0 0 auto;
  flex: 0 0 auto;
  font-size: 1.5rem;
  padding: 8px;
  border-radius: 50%;
  overflow: visible;
  color: rgba(0, 0, 0, 0.54);
  -webkit-transition: background-color 150ms cubic-bezier(0.4, 0, 0.2, 1) 0ms;
  transition: background-color 150ms cubic-bezier(0.4, 0, 0.2, 1) 0ms;
  padding: 12px;
  font-size: 1.75rem;
  width: 40px;
  height: 40px;
}

.emotion-30::-moz-focus-inner {
  border-style: none;
}

.emotion-30.Mui-disabled {
  pointer-events: none;
  cursor: default;
}

@media print {
  .emotion-30 {
    -webkit-print-color-adjust: exact;
    color-adjust: exact;
  }
}

.emotion-30:hover {
  background-color: rgba(0, 0, 0, 0.04);
}

@media (hover: none) {
  .emotion-30:hover {
    background-color: transparent;
  }
}

.emotion-30.Mui-disabled {
  background-color: transparent;
  color: #BDBDBD;
}

.emotion-31 {
  -webkit-user-select: none;
  -moz-user-select: none;
  -ms-user-select: none;
  user-select: none;
  width: 1em;
  height: 1em;
  display: inline-block;
  fill: currentColor;
  -webkit-flex-shrink: 0;
  -ms-flex-negative: 0;
  flex-shrink: 0;
  -webkit-transition: fill 200ms cubic-bezier(0.4, 0, 0.2, 1) 0ms;
  transition: fill 200ms cubic-bezier(0.4, 0, 0.2, 1) 0ms;
  font-size: 1.25rem;
}

.emotion-33 {
  box-sizing: border-box;
  margin: 0;
  -webkit-flex-direction: row;
  -ms-flex-direction: row;
  flex-direction: row;
  -webkit-flex-basis: 100%;
  -ms-flex-preferred-size: 100%;
  flex-basis: 100%;
  -webkit-box-flex: 0;
  -webkit-flex-grow: 0;
  -ms-flex-positive: 0;
  flex-grow: 0;
  max-width: 100%;
  width: 1116px;
}

@media (min-width:600px) {
  .emotion-33 {
    -webkit-flex-basis: 100%;
    -ms-flex-preferred-size: 100%;
    flex-basis: 100%;
    -webkit-box-flex: 0;
    -webkit-flex-grow: 0;
    -ms-flex-positive: 0;
    flex-grow: 0;
    max-width: 100%;
  }
}

@media (min-width:960px) {
  .emotion-33 {
    -webkit-flex-basis: 100%;
    -ms-flex-preferred-size: 100%;
    flex-basis: 100%;
    -webkit-box-flex: 0;
    -webkit-flex-grow: 0;
    -ms-flex-positive: 0;
    flex-grow: 0;
    max-width: 100%;
  }
}

@media (min-width:1440px) {
  .emotion-33 {
    -webkit-flex-basis: 100%;
    -ms-flex-preferred-size: 100%;
    flex-basis: 100%;
    -webkit-box-flex: 0;
    -webkit-flex-grow: 0;
    -ms-flex-positive: 0;
    flex-grow: 0;
    max-width: 100%;
  }
}

@media (min-width:1920px) {
  .emotion-33 {
    -webkit-flex-basis: 100%;
    -ms-flex-preferred-size: 100%;
    flex-basis: 100%;
    -webkit-box-flex: 0;
    -webkit-flex-grow: 0;
    -ms-flex-positive: 0;
    flex-grow: 0;
    max-width: 100%;
  }
}

.emotion-34 {
  display: -webkit-box;
  display: -webkit-flex;
  display: -ms-flexbox;
  display: flex;
  height: 600px;
  -webkit-box-pack: center;
  -ms-flex-pack: center;
  -webkit-justify-content: center;
  justify-content: center;
  -webkit-align-items: center;
  -webkit-box-align: center;
  -ms-flex-align: center;
  align-items: center;
  text-align: center;
}

.emotion-35 {
  display: block;
}

.emotion-36 {
  margin-bottom: 8px;
  margin-top: 16px;
}

.emotion-37 {
  margin: 0;
  font-size: 1rem;
  font-weight: 400;
  letter-spacing: 0.15px;
  text-transform: none;
  font-family: Roboto,sans-serif;
  line-height: 1.5;
}

.emotion-38 {
  margin: 0;
  font-size: 0.875rem;
  font-weight: 400;
  letter-spacing: 0.15px;
  text-transform: none;
  font-family: Roboto,sans-serif;
  line-height: 1.43;
  color: #9E9E9E;
}

<div>
  <div
    class="MuiBox-root emotion-0"
  >
    <div
      class="MuiBox-root emotion-1"
    >
      <h6
        aria-label="title"
        class="MuiTypography-root MuiTypography-h6 emotion-2"
      >
        Student Management
      </h6>
    </div>
    <div
      class="MuiGrid-root MuiGrid-container MuiGrid-spacing-xs-2 emotion-3"
      data-testid="StudentList"
    >
      <div
        class="MuiGrid-root MuiGrid-item MuiGrid-grid-xs-12 emotion-4"
      >
        <div
          class="MuiBox-root emotion-5"
          data-testid="StudentListNavbar__root"
        >
          <div
            class="MuiBox-root emotion-6"
            data-testid="FormFilterAdvanced__root"
          >
            <div
              class="MuiBox-root emotion-7"
            >
              <div
                class="MuiBox-root emotion-8"
              >
                <div
                  class="MuiFormControl-root MuiFormControl-fullWidth MuiTextField-root emotion-9"
                  data-testid="FormFilterAdvanced__textField"
                >
                  <div
                    class="TextFieldFilter-inputRoot MuiOutlinedInput-root MuiInputBase-root MuiInputBase-colorPrimary MuiInputBase-fullWidth MuiInputBase-formControl MuiInputBase-adornedStart emotion-10"
                  >
                    <div
                      class="MuiInputAdornment-root MuiInputAdornment-positionStart MuiInputAdornment-outlined MuiInputAdornment-sizeMedium emotion-11"
                    >
                      <span
                        class="notranslate"
                      >
                        ​
                      </span>
                      <svg
                        aria-hidden="true"
                        class="MuiSvgIcon-root MuiSvgIcon-colorAction MuiSvgIcon-fontSizeSmall emotion-12"
                        data-testid="SearchIcon"
                        focusable="false"
                        viewBox="0 0 24 24"
                      >
                        <path
                          d="M15.5 14h-.79l-.28-.27C15.41 12.59 16 11.11 16 9.5 16 5.91 13.09 3 9.5 3S3 5.91 3 9.5 5.91 16 9.5 16c1.61 0 3.09-.59 4.23-1.57l.27.28v.79l5 4.99L20.49 19l-4.99-5zm-6 0C7.01 14 5 11.99 5 9.5S7.01 5 9.5 5 14 7.01 14 9.5 11.99 14 9.5 14z"
                        />
                      </svg>
                    </div>
                    <input
                      aria-invalid="false"
                      class="TextFieldFilter-inputPadding MuiOutlinedInput-input MuiInputBase-input MuiInputBase-inputAdornedStart emotion-13"
                      id="mui-1"
                      placeholder="Enter your keyword"
                      type="text"
                      value=""
                    />
                    <fieldset
                      aria-hidden="true"
                      class="MuiOutlinedInput-notchedOutline emotion-14"
                    >
                      <legend
                        class="emotion-15"
                      >
                        <span
                          class="notranslate"
                        >
                          ​
                        </span>
                      </legend>
                    </fieldset>
                  </div>
                </div>
                <button
                  class="MuiButton-root MuiButton-outlined MuiButton-outlinedDefault MuiButton-sizeMedium MuiButton-outlinedSizeMedium MuiButtonBase-root  emotion-16"
                  data-testid="ButtonDropdownWithPopover__button"
                  style="word-break: keep-all;"
                  tabindex="0"
                  type="button"
                >
                  ra.common.action.filter
                  <span
                    class="MuiButton-endIcon MuiButton-iconSizeMedium emotion-17"
                  >
                    <svg
                      aria-hidden="true"
                      class="MuiSvgIcon-root MuiSvgIcon-fontSizeMedium emotion-18"
                      data-testid="KeyboardArrowDownIcon"
                      focusable="false"
                      viewBox="0 0 24 24"
                    >
                      <path
                        d="M7.41 8.59 12 13.17l4.59-4.58L18 10l-6 6-6-6 1.41-1.41z"
                      />
                    </svg>
                  </span>
                  <span
                    class="MuiTouchRipple-root emotion-19"
                  />
                </button>
              </div>
            </div>
          </div>
          <div
            class="MuiBox-root emotion-20"
          >
            <div
              class="MuiButtonGroup-root MuiButtonGroup-outlined emotion-21"
              data-testid="ButtonAddStudentDropdown"
              role="group"
            >
              <button
                class="MuiButton-root MuiButton-contained MuiButton-containedPrimary MuiButton-sizeMedium MuiButton-containedSizeMedium MuiButtonBase-root MuiButtonGroup-grouped MuiButtonGroup-groupedHorizontal MuiButtonGroup-groupedOutlined MuiButtonGroup-groupedOutlinedHorizontal MuiButtonGroup-groupedOutlinedPrimary MuiButtonGroup-grouped MuiButtonGroup-groupedHorizontal MuiButtonGroup-groupedOutlined MuiButtonGroup-groupedOutlinedHorizontal MuiButtonGroup-groupedOutlinedPrimary emotion-22"
                data-testid="ButtonAddStudentDropdown__contentButton"
                tabindex="0"
                type="button"
              >
                Add Student
                <span
                  class="MuiTouchRipple-root emotion-19"
                />
              </button>
              <button
                class="MuiButton-root MuiButton-contained MuiButton-containedPrimary MuiButton-sizeSmall MuiButton-containedSizeSmall MuiButtonBase-root MuiButtonGroup-grouped MuiButtonGroup-groupedHorizontal MuiButtonGroup-groupedOutlined MuiButtonGroup-groupedOutlinedHorizontal MuiButtonGroup-groupedOutlinedPrimary MuiButtonGroup-grouped MuiButtonGroup-groupedHorizontal MuiButtonGroup-groupedOutlined MuiButtonGroup-groupedOutlinedHorizontal MuiButtonGroup-groupedOutlinedPrimary emotion-24"
                data-testid="ButtonAddStudentDropdown__iconButton"
                tabindex="0"
                type="button"
              >
                <svg
                  aria-hidden="true"
                  class="MuiSvgIcon-root MuiSvgIcon-fontSizeMedium emotion-18"
                  data-testid="ArrowDropDownIcon"
                  focusable="false"
                  viewBox="0 0 24 24"
                >
                  <path
                    d="m7 10 5 5 5-5z"
                  />
                </svg>
                <span
                  class="MuiTouchRipple-root emotion-19"
                />
              </button>
            </div>
            <div
              class="MuiBox-root emotion-27"
            >
              <div
                class="MuiBox-root emotion-28"
                data-testid="ActionPanel__root"
              >
                <div
                  class="IconButtonWithAnchorMenu-root emotion-29"
                >
                  <button
                    aria-haspopup="menu"
                    class="MuiButtonBase-root MuiIconButton-root MuiIconButton-sizeLarge IconButtonWithAnchorMenu-iconButton IconButtonWithAnchorMenu-root emotion-30"
                    data-testid="ActionPanel__trigger"
                    tabindex="0"
                    type="button"
                  >
                    <svg
                      aria-hidden="true"
                      class="MuiSvgIcon-root MuiSvgIcon-fontSizeSmall emotion-31"
                      data-testid="MoreHorizIcon"
                      focusable="false"
                      viewBox="0 0 24 24"
                    >
                      <path
                        d="M6 10c-1.1 0-2 .9-2 2s.9 2 2 2 2-.9 2-2-.9-2-2-2zm12 0c-1.1 0-2 .9-2 2s.9 2 2 2 2-.9 2-2-.9-2-2-2zm-6 0c-1.1 0-2 .9-2 2s.9 2 2 2 2-.9 2-2-.9-2-2-2z"
                      />
                    </svg>
                    <span
                      class="MuiTouchRipple-root emotion-19"
                    />
                  </button>
                </div>
              </div>
            </div>
          </div>
        </div>
      </div>
      <div
        class="MuiGrid-root MuiGrid-item MuiGrid-grid-xs-12 emotion-33"
      >
        <div
          class="MuiBox-root emotion-34"
        >
          <div
            class="MuiBox-root emotion-35"
          >
            <svg
              data-testid="LookingFor__icon"
              fill="none"
              height="200"
              width="228"
              xmlns="http://www.w3.org/2000/svg"
            >
              <rect
                fill="#fff"
                height="153.117"
                rx="11.822"
                transform="matrix(.86765 -.49716 .50284 .86437 .196 59.058)"
                width="118.791"
              />
              <rect
                height="150.753"
                rx="10.64"
                stroke="#000"
                stroke-opacity="0.12"
                stroke-width="2.364"
                transform="matrix(.86765 -.49716 .50284 .86437 .192 59.922)"
                width="116.427"
                x="1.62"
                y="0.434"
              />
              <rect
                fill="#DEDEDE"
                height="10.805"
                rx="4.729"
                transform="matrix(.86746 -.49748 .50251 .86456 29.84 74.765)"
                width="83.315"
              />
              <rect
                fill="#DEDEDE"
                height="10.805"
                rx="4.729"
                transform="matrix(.86746 -.49748 .50251 .86456 41.168 94.252)"
                width="83.315"
              />
              <rect
                fill="#DEDEDE"
                height="10.805"
                rx="4.729"
                transform="matrix(.86746 -.49748 .50251 .86456 52.497 113.742)"
                width="62.889"
              />
              <rect
                fill="#fff"
                height="167.33"
                rx="11.822"
                transform="translate(72.003 2.99) skewX(-.031)"
                width="130.212"
              />
              <rect
                height="164.965"
                rx="10.64"
                stroke="#000"
                stroke-opacity="0.12"
                stroke-width="2.364"
                transform="translate(72.003 2.991) skewX(-.031)"
                width="127.847"
                x="1.182"
                y="1.182"
              />
              <rect
                fill="#BDBDBD"
                height="11.808"
                rx="4.729"
                transform="translate(91.44 33.992) skewX(-.032)"
                width="91.325"
              />
              <rect
                fill="#BDBDBD"
                height="11.808"
                rx="4.729"
                transform="translate(91.432 58.627) skewX(-.032)"
                width="91.325"
              />
              <rect
                fill="#BDBDBD"
                height="11.808"
                rx="4.729"
                transform="translate(91.425 83.262) skewX(-.032)"
                width="39.476"
              />
              <path
                d="M141.656 72.136c-25.094 5.5-40.977 30.162-35.445 55.106 5.532 24.947 30.38 40.684 55.476 35.183 8.792-1.927 16.46-6.211 22.468-12.035l28.127 19.647c3.948 2.757 9.404 1.683 11.997-2.349 2.441-3.792 1.446-8.83-2.267-11.424l-28.079-19.613a45.765 45.765 0 0 0 3.199-29.332c-5.533-24.946-30.38-40.684-55.476-35.183Zm-21.204 51.992c-3.793-17.101 7.096-34.049 24.352-37.831 17.253-3.782 34.295 7.038 38.087 24.136 3.792 17.101-7.096 34.049-24.352 37.831-17.253 3.782-34.295-7.038-38.087-24.136Z"
                fill="#9E9E9E"
                stroke="#fff"
                stroke-width="4.729"
              />
              <ellipse
                fill="#C4C4C4"
                opacity="0.2"
                rx="13.625"
                ry="6.216"
                transform="translate(149.382 93.729) skewX(-.032)"
              />
              <ellipse
                fill="#C4C4C4"
                opacity="0.2"
                rx="7.66"
                ry="7.347"
                transform="translate(136.488 136.521) skewX(-.032)"
              />
            </svg>
            <div
              class="MuiBox-root emotion-36"
            >
              <p
                class="MuiTypography-root MuiTypography-body1 emotion-37"
              >
                No Result
              </p>
            </div>
            <p
              class="MuiTypography-root MuiTypography-body2 emotion-38"
            >
              Please use try again with different keywords or filters
            </p>
          </div>
        </div>
      </div>
    </div>
  </div>
</div>
`;
