// Jest Snapshot v1, https://goo.gl/fbAQLP

exports[`<UserDropdown /> should match snapshot 1`] = `
.emotion-0 .groupProfile {
  display: -webkit-box;
  display: -webkit-flex;
  display: -ms-flexbox;
  display: flex;
  -webkit-align-items: center;
  -webkit-box-align: center;
  -ms-flex-align: center;
  align-items: center;
  -webkit-flex-direction: row;
  -ms-flex-direction: row;
  flex-direction: row;
  color: #212121;
  font-weight: 500;
  font-size: 14px;
  text-transform: unset;
  cursor: pointer;
  margin-left: 32px;
  border: none;
}

.emotion-0 .avatar {
  margin-right: 8px;
  width: 32px;
  height: 32px;
}

.emotion-1 {
  display: -webkit-inline-box;
  display: -webkit-inline-flex;
  display: -ms-inline-flexbox;
  display: inline-flex;
  -webkit-align-items: center;
  -webkit-box-align: center;
  -ms-flex-align: center;
  align-items: center;
  -webkit-box-pack: center;
  -ms-flex-pack: center;
  -webkit-justify-content: center;
  justify-content: center;
  position: relative;
  box-sizing: border-box;
  -webkit-tap-highlight-color: transparent;
  background-color: transparent;
  outline: 0;
  border: 0;
  margin: 0;
  border-radius: 0;
  padding: 0;
  cursor: pointer;
  -webkit-user-select: none;
  -moz-user-select: none;
  -ms-user-select: none;
  user-select: none;
  vertical-align: middle;
  -moz-appearance: none;
  -webkit-appearance: none;
  -webkit-text-decoration: none;
  text-decoration: none;
  color: inherit;
  font-size: 0.875rem;
  font-weight: 500;
  letter-spacing: 0.4px;
  text-transform: capitalize;
  font-family: Roboto,sans-serif;
  line-height: 1.75;
  min-width: 64px;
  padding: 6px 8px;
  border-radius: 4px;
  -webkit-transition: background-color 250ms cubic-bezier(0.4, 0, 0.2, 1) 0ms,box-shadow 250ms cubic-bezier(0.4, 0, 0.2, 1) 0ms,border-color 250ms cubic-bezier(0.4, 0, 0.2, 1) 0ms,color 250ms cubic-bezier(0.4, 0, 0.2, 1) 0ms;
  transition: background-color 250ms cubic-bezier(0.4, 0, 0.2, 1) 0ms,box-shadow 250ms cubic-bezier(0.4, 0, 0.2, 1) 0ms,border-color 250ms cubic-bezier(0.4, 0, 0.2, 1) 0ms,color 250ms cubic-bezier(0.4, 0, 0.2, 1) 0ms;
  color: #E0E0E0;
  border-radius: 4px;
  color: #212121;
  padding-right: 0;
}

.emotion-1::-moz-focus-inner {
  border-style: none;
}

.emotion-1.Mui-disabled {
  pointer-events: none;
  cursor: default;
}

@media print {
  .emotion-1 {
    -webkit-print-color-adjust: exact;
    color-adjust: exact;
  }
}

.emotion-1:hover {
  -webkit-text-decoration: none;
  text-decoration: none;
  background-color: rgba(224, 224, 224, 0.04);
}

@media (hover: none) {
  .emotion-1:hover {
    background-color: transparent;
  }
}

.emotion-1.Mui-disabled {
  color: #BDBDBD;
}

.emotion-1:hover {
  background-color: rgba(33, 33, 33, 0.04);
}

.emotion-2 {
  position: relative;
  display: -webkit-box;
  display: -webkit-flex;
  display: -ms-flexbox;
  display: flex;
  -webkit-align-items: center;
  -webkit-box-align: center;
  -ms-flex-align: center;
  align-items: center;
  -webkit-box-pack: center;
  -ms-flex-pack: center;
  -webkit-justify-content: center;
  justify-content: center;
  -webkit-flex-shrink: 0;
  -ms-flex-negative: 0;
  flex-shrink: 0;
  width: 40px;
  height: 40px;
  font-family: Roboto,sans-serif;
  font-size: 1.25rem;
  line-height: 1;
  border-radius: 50%;
  overflow: hidden;
  -webkit-user-select: none;
  -moz-user-select: none;
  -ms-user-select: none;
  user-select: none;
  color: #fff;
  background-color: #BDBDBD;
}

.emotion-3 {
  margin-right: 4px;
  text-align: left;
}

.emotion-4 {
  margin: 0;
  font-size: 0.875rem;
  font-weight: 400;
  letter-spacing: 0.15px;
  text-transform: none;
  font-family: Roboto,sans-serif;
  line-height: 1.43;
}

.emotion-5 {
  -webkit-user-select: none;
  -moz-user-select: none;
  -ms-user-select: none;
  user-select: none;
  width: 1em;
  height: 1em;
  display: inline-block;
  fill: currentColor;
  -webkit-flex-shrink: 0;
  -ms-flex-negative: 0;
  flex-shrink: 0;
  -webkit-transition: fill 200ms cubic-bezier(0.4, 0, 0.2, 1) 0ms;
  transition: fill 200ms cubic-bezier(0.4, 0, 0.2, 1) 0ms;
  font-size: 1.5rem;
  color: rgba(0, 0, 0, 0.54);
}

.emotion-6 {
  overflow: hidden;
  pointer-events: none;
  position: absolute;
  z-index: 0;
  top: 0;
  right: 0;
  bottom: 0;
  left: 0;
  border-radius: inherit;
}

<div>
  <div>
    <span
      class="emotion-0"
    >
      <button
        class="MuiButton-root MuiButton-text MuiButton-textDefault MuiButton-sizeMedium MuiButton-textSizeMedium MuiButtonBase-root groupProfile emotion-1"
        data-testid="Appbar__profileButton"
        tabindex="0"
        type="button"
      >
        <div
          class="MuiAvatar-root MuiAvatar-circular MuiAvatar-colorDefault avatar emotion-2"
        >
          N
        </div>
        <div
          class="MuiBox-root emotion-3"
          data-testid="Appbar__role"
        >
          <p
            class="MuiTypography-root MuiTypography-body2 emotion-4"
          >
            School Admin of School
          </p>
        </div>
        <svg
          aria-hidden="true"
          class="MuiSvgIcon-root MuiSvgIcon-colorAction MuiSvgIcon-fontSizeMedium emotion-5"
          data-testid="ArrowDropDownIcon"
          focusable="false"
          viewBox="0 0 24 24"
        >
          <path
            d="m7 10 5 5 5-5z"
          />
        </svg>
        <span
          class="MuiTouchRipple-root emotion-6"
        />
      </button>
    </span>
  </div>
</div>
`;
