// Jest Snapshot v1, https://goo.gl/fbAQLP

exports[`<BookRouter /> should render book list without crash 1`] = `
<div>
  <div>
    BookList
  </div>
</div>
`;
