// Jest Snapshot v1, https://goo.gl/fbAQLP

exports[`<TimePickerAutocompleteHF /> should match snapshot 1`] = `
.emotion-0 {
  display: -webkit-inline-box;
  display: -webkit-inline-flex;
  display: -ms-inline-flexbox;
  display: inline-flex;
  -webkit-flex-direction: column;
  -ms-flex-direction: column;
  flex-direction: column;
  position: relative;
  min-width: 0;
  padding: 0;
  margin: 0;
  border: 0;
  vertical-align: top;
  width: 100%;
}

.emotion-1 {
  width: 100%;
}

.emotion-1.Mui-focused .MuiAutocomplete-clearIndicator {
  visibility: visible;
}

@media (pointer: fine) {
  .emotion-1:hover .MuiAutocomplete-clearIndicator {
    visibility: visible;
  }
}

.emotion-1 .MuiAutocomplete-tag {
  margin: 3px;
  max-width: calc(100% - 6px);
}

.emotion-1 .MuiAutocomplete-inputRoot {
  -webkit-box-flex-wrap: wrap;
  -webkit-flex-wrap: wrap;
  -ms-flex-wrap: wrap;
  flex-wrap: wrap;
}

.MuiAutocomplete-hasPopupIcon.emotion-1 .MuiAutocomplete-inputRoot,
.MuiAutocomplete-hasClearIcon.emotion-1 .MuiAutocomplete-inputRoot {
  padding-right: 30px;
}

.MuiAutocomplete-hasPopupIcon.MuiAutocomplete-hasClearIcon.emotion-1 .MuiAutocomplete-inputRoot {
  padding-right: 56px;
}

.emotion-1 .MuiAutocomplete-inputRoot .MuiAutocomplete-input {
  width: 0;
  min-width: 30px;
}

.emotion-1 .MuiInput-root {
  padding-bottom: 1px;
}

.emotion-1 .MuiInput-root .MuiInput-input {
  padding: 4px 4px 4px 0px;
}

.emotion-1 .MuiInput-root.MuiInputBase-sizeSmall .MuiInput-input {
  padding: 2px 4px 3px 0;
}

.emotion-1 .MuiOutlinedInput-root {
  padding: 9px;
}

.MuiAutocomplete-hasPopupIcon.emotion-1 .MuiOutlinedInput-root,
.MuiAutocomplete-hasClearIcon.emotion-1 .MuiOutlinedInput-root {
  padding-right: 39px;
}

.MuiAutocomplete-hasPopupIcon.MuiAutocomplete-hasClearIcon.emotion-1 .MuiOutlinedInput-root {
  padding-right: 65px;
}

.emotion-1 .MuiOutlinedInput-root .MuiAutocomplete-input {
  padding: 7.5px 4px 7.5px 6px;
}

.emotion-1 .MuiOutlinedInput-root .MuiAutocomplete-endAdornment {
  right: 9px;
}

.emotion-1 .MuiOutlinedInput-root.MuiInputBase-sizeSmall {
  padding: 6px;
}

.emotion-1 .MuiOutlinedInput-root.MuiInputBase-sizeSmall .MuiAutocomplete-input {
  padding: 2.5px 4px 2.5px 6px;
}

.emotion-1 .MuiFilledInput-root {
  padding-top: 19px;
  padding-left: 8px;
}

.MuiAutocomplete-hasPopupIcon.emotion-1 .MuiFilledInput-root,
.MuiAutocomplete-hasClearIcon.emotion-1 .MuiFilledInput-root {
  padding-right: 39px;
}

.MuiAutocomplete-hasPopupIcon.MuiAutocomplete-hasClearIcon.emotion-1 .MuiFilledInput-root {
  padding-right: 65px;
}

.emotion-1 .MuiFilledInput-root .MuiFilledInput-input {
  padding: 7px 4px;
}

.emotion-1 .MuiFilledInput-root .MuiAutocomplete-endAdornment {
  right: 9px;
}

.emotion-1 .MuiFilledInput-root.MuiInputBase-sizeSmall {
  padding-bottom: 1px;
}

.emotion-1 .MuiFilledInput-root.MuiInputBase-sizeSmall .MuiFilledInput-input {
  padding: 2.5px 4px;
}

.emotion-1 .MuiInputBase-hiddenLabel {
  padding-top: 8px;
}

.emotion-1 .MuiAutocomplete-input {
  -webkit-box-flex: 1;
  -webkit-flex-grow: 1;
  -ms-flex-positive: 1;
  flex-grow: 1;
  text-overflow: ellipsis;
  opacity: 1;
}

.emotion-2 {
  display: -webkit-inline-box;
  display: -webkit-inline-flex;
  display: -ms-inline-flexbox;
  display: inline-flex;
  -webkit-flex-direction: column;
  -ms-flex-direction: column;
  flex-direction: column;
  position: relative;
  min-width: 0;
  padding: 0;
  margin: 0;
  border: 0;
  vertical-align: top;
  width: 100%;
}

.emotion-2 .TextFieldBase-readOnly .MuiInputBase-root {
  background-color: #fafafa;
}

.emotion-3 {
  font-family: "Roboto","Helvetica","Arial",sans-serif;
  font-weight: 400;
  font-size: 1rem;
  line-height: 1.4375em;
  letter-spacing: 0.00938em;
  color: rgba(0, 0, 0, 0.87);
  box-sizing: border-box;
  position: relative;
  cursor: text;
  display: -webkit-inline-box;
  display: -webkit-inline-flex;
  display: -ms-inline-flexbox;
  display: inline-flex;
  -webkit-align-items: center;
  -webkit-box-align: center;
  -ms-flex-align: center;
  align-items: center;
  width: 100%;
  position: relative;
  border-radius: 4px;
  padding-right: 14px;
}

.emotion-3.Mui-disabled {
  color: rgba(0, 0, 0, 0.38);
  cursor: default;
}

.emotion-3:hover .MuiOutlinedInput-notchedOutline {
  border-color: rgba(0, 0, 0, 0.87);
}

@media (hover: none) {
  .emotion-3:hover .MuiOutlinedInput-notchedOutline {
    border-color: rgba(0, 0, 0, 0.23);
  }
}

.emotion-3.Mui-focused .MuiOutlinedInput-notchedOutline {
  border-color: #1976d2;
  border-width: 2px;
}

.emotion-3.Mui-error .MuiOutlinedInput-notchedOutline {
  border-color: #d32f2f;
}

.emotion-3.Mui-disabled .MuiOutlinedInput-notchedOutline {
  border-color: rgba(0, 0, 0, 0.26);
}

.emotion-4 {
  font: inherit;
  letter-spacing: inherit;
  color: currentColor;
  padding: 4px 0 5px;
  border: 0;
  box-sizing: content-box;
  background: none;
  height: 1.4375em;
  margin: 0;
  -webkit-tap-highlight-color: transparent;
  display: block;
  min-width: 0;
  width: 100%;
  -webkit-animation-name: mui-auto-fill-cancel;
  animation-name: mui-auto-fill-cancel;
  -webkit-animation-duration: 10ms;
  animation-duration: 10ms;
  padding-top: 1px;
  padding: 8.5px 14px;
  padding-right: 0;
}

.emotion-4::-webkit-input-placeholder {
  color: currentColor;
  opacity: 0.42;
  -webkit-transition: opacity 200ms cubic-bezier(0.4, 0, 0.2, 1) 0ms;
  transition: opacity 200ms cubic-bezier(0.4, 0, 0.2, 1) 0ms;
}

.emotion-4::-moz-placeholder {
  color: currentColor;
  opacity: 0.42;
  -webkit-transition: opacity 200ms cubic-bezier(0.4, 0, 0.2, 1) 0ms;
  transition: opacity 200ms cubic-bezier(0.4, 0, 0.2, 1) 0ms;
}

.emotion-4:-ms-input-placeholder {
  color: currentColor;
  opacity: 0.42;
  -webkit-transition: opacity 200ms cubic-bezier(0.4, 0, 0.2, 1) 0ms;
  transition: opacity 200ms cubic-bezier(0.4, 0, 0.2, 1) 0ms;
}

.emotion-4::-ms-input-placeholder {
  color: currentColor;
  opacity: 0.42;
  -webkit-transition: opacity 200ms cubic-bezier(0.4, 0, 0.2, 1) 0ms;
  transition: opacity 200ms cubic-bezier(0.4, 0, 0.2, 1) 0ms;
}

.emotion-4:focus {
  outline: 0;
}

.emotion-4:invalid {
  box-shadow: none;
}

.emotion-4::-webkit-search-decoration {
  -webkit-appearance: none;
}

label[data-shrink=false]+.MuiInputBase-formControl .emotion-4::-webkit-input-placeholder {
  opacity: 0!important;
}

label[data-shrink=false]+.MuiInputBase-formControl .emotion-4::-moz-placeholder {
  opacity: 0!important;
}

label[data-shrink=false]+.MuiInputBase-formControl .emotion-4:-ms-input-placeholder {
  opacity: 0!important;
}

label[data-shrink=false]+.MuiInputBase-formControl .emotion-4::-ms-input-placeholder {
  opacity: 0!important;
}

label[data-shrink=false]+.MuiInputBase-formControl .emotion-4:focus::-webkit-input-placeholder {
  opacity: 0.42;
}

label[data-shrink=false]+.MuiInputBase-formControl .emotion-4:focus::-moz-placeholder {
  opacity: 0.42;
}

label[data-shrink=false]+.MuiInputBase-formControl .emotion-4:focus:-ms-input-placeholder {
  opacity: 0.42;
}

label[data-shrink=false]+.MuiInputBase-formControl .emotion-4:focus::-ms-input-placeholder {
  opacity: 0.42;
}

.emotion-4.Mui-disabled {
  opacity: 1;
  -webkit-text-fill-color: rgba(0, 0, 0, 0.38);
}

.emotion-4:-webkit-autofill {
  -webkit-animation-duration: 5000s;
  animation-duration: 5000s;
  -webkit-animation-name: mui-auto-fill;
  animation-name: mui-auto-fill;
}

.emotion-4:-webkit-autofill {
  border-radius: inherit;
}

.emotion-5 {
  position: absolute;
  right: 0;
  top: calc(50% - 14px);
}

.emotion-6 {
  display: -webkit-inline-box;
  display: -webkit-inline-flex;
  display: -ms-inline-flexbox;
  display: inline-flex;
  -webkit-align-items: center;
  -webkit-box-align: center;
  -ms-flex-align: center;
  align-items: center;
  -webkit-box-pack: center;
  -ms-flex-pack: center;
  -webkit-justify-content: center;
  justify-content: center;
  position: relative;
  box-sizing: border-box;
  -webkit-tap-highlight-color: transparent;
  background-color: transparent;
  outline: 0;
  border: 0;
  margin: 0;
  border-radius: 0;
  padding: 0;
  cursor: pointer;
  -webkit-user-select: none;
  -moz-user-select: none;
  -ms-user-select: none;
  user-select: none;
  vertical-align: middle;
  -moz-appearance: none;
  -webkit-appearance: none;
  -webkit-text-decoration: none;
  text-decoration: none;
  color: inherit;
  text-align: center;
  -webkit-flex: 0 0 auto;
  -ms-flex: 0 0 auto;
  flex: 0 0 auto;
  font-size: 1.5rem;
  padding: 8px;
  border-radius: 50%;
  overflow: visible;
  color: rgba(0, 0, 0, 0.54);
  -webkit-transition: background-color 150ms cubic-bezier(0.4, 0, 0.2, 1) 0ms;
  transition: background-color 150ms cubic-bezier(0.4, 0, 0.2, 1) 0ms;
  padding: 2px;
  margin-right: -2px;
}

.emotion-6::-moz-focus-inner {
  border-style: none;
}

.emotion-6.Mui-disabled {
  pointer-events: none;
  cursor: default;
}

@media print {
  .emotion-6 {
    -webkit-print-color-adjust: exact;
    color-adjust: exact;
  }
}

.emotion-6:hover {
  background-color: rgba(0, 0, 0, 0.04);
}

@media (hover: none) {
  .emotion-6:hover {
    background-color: transparent;
  }
}

.emotion-6.Mui-disabled {
  background-color: transparent;
  color: rgba(0, 0, 0, 0.26);
}

.emotion-7 {
  -webkit-user-select: none;
  -moz-user-select: none;
  -ms-user-select: none;
  user-select: none;
  width: 1em;
  height: 1em;
  display: inline-block;
  fill: currentColor;
  -webkit-flex-shrink: 0;
  -ms-flex-negative: 0;
  flex-shrink: 0;
  -webkit-transition: fill 200ms cubic-bezier(0.4, 0, 0.2, 1) 0ms;
  transition: fill 200ms cubic-bezier(0.4, 0, 0.2, 1) 0ms;
  font-size: 1.5rem;
}

.emotion-8 {
  overflow: hidden;
  pointer-events: none;
  position: absolute;
  z-index: 0;
  top: 0;
  right: 0;
  bottom: 0;
  left: 0;
  border-radius: inherit;
}

.emotion-9 {
  text-align: left;
  position: absolute;
  bottom: 0;
  right: 0;
  top: -5px;
  left: 0;
  margin: 0;
  padding: 0 8px;
  pointer-events: none;
  border-radius: inherit;
  border-style: solid;
  border-width: 1px;
  overflow: hidden;
  min-width: 0%;
  border-color: rgba(0, 0, 0, 0.23);
}

.emotion-10 {
  float: unset;
  overflow: hidden;
  padding: 0;
  line-height: 11px;
  -webkit-transition: width 150ms cubic-bezier(0.0, 0, 0.2, 1) 0ms;
  transition: width 150ms cubic-bezier(0.0, 0, 0.2, 1) 0ms;
}

<div>
  <div
    class="MuiFormControl-root MuiFormControl-fullWidth emotion-0"
  >
    <div
      class="MuiAutocomplete-root MuiAutocomplete-fullWidth MuiAutocomplete-hasPopupIcon emotion-1"
      data-testid="TimePickerAutocompleteHF__autocomplete"
    >
      <div
        class="MuiFormControl-root MuiFormControl-fullWidth MuiTextField-root  emotion-2"
      >
        <div
          class="MuiOutlinedInput-root MuiInputBase-root MuiInputBase-colorPrimary MuiInputBase-fullWidth MuiInputBase-formControl MuiInputBase-sizeSmall MuiInputBase-adornedEnd MuiAutocomplete-inputRoot emotion-3"
        >
          <input
            aria-autocomplete="list"
            aria-expanded="false"
            aria-invalid="false"
            autocapitalize="none"
            autocomplete="off"
            class="MuiOutlinedInput-input MuiInputBase-input MuiInputBase-inputSizeSmall MuiInputBase-inputAdornedEnd MuiAutocomplete-input MuiAutocomplete-inputFocused emotion-4"
            data-testid="AutocompleteBase__input"
            id="TimePickerAutocompleteHF__autocomplete"
            name="timePicker"
            role="combobox"
            spellcheck="false"
            type="text"
            value=""
          />
          <div
            class="MuiAutocomplete-endAdornment emotion-5"
          >
            <button
              aria-label="Open"
              class="MuiButtonBase-root MuiIconButton-root MuiIconButton-sizeMedium MuiAutocomplete-popupIndicator emotion-6"
              tabindex="-1"
              title="Open"
              type="button"
            >
              <svg
                aria-hidden="true"
                class="MuiSvgIcon-root MuiSvgIcon-fontSizeMedium emotion-7"
                data-testid="ArrowDropDownIcon"
                focusable="false"
                viewBox="0 0 24 24"
              >
                <path
                  d="M7 10l5 5 5-5z"
                />
              </svg>
              <span
                class="MuiTouchRipple-root emotion-8"
              />
            </button>
          </div>
          <fieldset
            aria-hidden="true"
            class="MuiOutlinedInput-notchedOutline emotion-9"
          >
            <legend
              class="emotion-10"
            >
              <span
                class="notranslate"
              >
                ​
              </span>
            </legend>
          </fieldset>
        </div>
      </div>
    </div>
  </div>
</div>
`;
