// Jest Snapshot v1, https://goo.gl/fbAQLP

exports[`<ChildrenLocationItem/> should match snapshot on checked 1`] = `
.emotion-0 {
  display: -webkit-inline-box;
  display: -webkit-inline-flex;
  display: -ms-inline-flexbox;
  display: inline-flex;
  -webkit-align-items: center;
  -webkit-box-align: center;
  -ms-flex-align: center;
  align-items: center;
  -webkit-box-pack: center;
  -ms-flex-pack: center;
  -webkit-justify-content: center;
  justify-content: center;
  position: relative;
  box-sizing: border-box;
  -webkit-tap-highlight-color: transparent;
  background-color: transparent;
  outline: 0;
  border: 0;
  margin: 0;
  border-radius: 0;
  padding: 0;
  cursor: pointer;
  -webkit-user-select: none;
  -moz-user-select: none;
  -ms-user-select: none;
  user-select: none;
  vertical-align: middle;
  -moz-appearance: none;
  -webkit-appearance: none;
  -webkit-text-decoration: none;
  text-decoration: none;
  color: inherit;
  padding: 9px;
  border-radius: 50%;
  color: #757575;
}

.emotion-0::-moz-focus-inner {
  border-style: none;
}

.emotion-0.Mui-disabled {
  pointer-events: none;
  cursor: default;
}

@media print {
  .emotion-0 {
    -webkit-print-color-adjust: exact;
    color-adjust: exact;
  }
}

.emotion-0:hover {
  background-color: rgba(33, 150, 243, 0.04);
}

@media (hover: none) {
  .emotion-0:hover {
    background-color: transparent;
  }
}

.emotion-0.Mui-checked,
.emotion-0.MuiCheckbox-indeterminate {
  color: #2196F3;
}

.emotion-0.Mui-disabled {
  color: #BDBDBD;
}

.emotion-0.MuiCheckbox-indeterminate {
  color: #757575;
}

.emotion-0.CheckboxBase-selector {
  padding: 9px;
}

.emotion-1 {
  cursor: inherit;
  position: absolute;
  opacity: 0;
  width: 100%;
  height: 100%;
  top: 0;
  left: 0;
  margin: 0;
  padding: 0;
  z-index: 1;
}

.emotion-2 {
  -webkit-user-select: none;
  -moz-user-select: none;
  -ms-user-select: none;
  user-select: none;
  width: 1em;
  height: 1em;
  display: inline-block;
  fill: currentColor;
  -webkit-flex-shrink: 0;
  -ms-flex-negative: 0;
  flex-shrink: 0;
  -webkit-transition: fill 200ms cubic-bezier(0.4, 0, 0.2, 1) 0ms;
  transition: fill 200ms cubic-bezier(0.4, 0, 0.2, 1) 0ms;
  font-size: 1.5rem;
}

.emotion-3 {
  overflow: hidden;
  pointer-events: none;
  position: absolute;
  z-index: 0;
  top: 0;
  right: 0;
  bottom: 0;
  left: 0;
  border-radius: inherit;
}

.emotion-4 {
  margin: 0;
  font-size: 0.875rem;
  font-weight: 400;
  letter-spacing: 0.15px;
  text-transform: none;
  font-family: Roboto,sans-serif;
  line-height: 1.43;
}

<div>
  <span
    class="MuiCheckbox-root MuiCheckbox-colorPrimary MuiButtonBase-root MuiCheckbox-root MuiCheckbox-colorPrimary PrivateSwitchBase-root Mui-checked CheckboxBase-selector emotion-0"
    data-testid="ItemLocation__checkbox"
  >
    <input
      checked=""
      class="PrivateSwitchBase-input emotion-1"
      data-indeterminate="false"
      type="checkbox"
    />
    <svg
      aria-hidden="true"
      class="MuiSvgIcon-root MuiSvgIcon-fontSizeMedium emotion-2"
      data-testid="CheckBoxIcon"
      focusable="false"
      viewBox="0 0 24 24"
    >
      <path
        d="M19 3H5c-1.11 0-2 .9-2 2v14c0 1.1.89 2 2 2h14c1.11 0 2-.9 2-2V5c0-1.1-.89-2-2-2zm-9 14l-5-5 1.41-1.41L10 14.17l7.59-7.59L19 8l-9 9z"
      />
    </svg>
    <span
      class="MuiTouchRipple-root emotion-3"
    />
  </span>
  <p
    class="MuiTypography-root MuiTypography-body2 emotion-4"
    data-testid="ItemLocation__label"
  >
    Location 13
  </p>
</div>
`;
