// Jest Snapshot v1, https://goo.gl/fbAQLP

exports[`<ThemeProvider /> should have correct context value 1`] = `
<div>
  <div>
    {"palette":{"common":{"black":"whiteTest","white":"whiteTest"}}}
  </div>
</div>
`;
