// Jest Snapshot v1, https://goo.gl/fbAQLP

exports[`<ToggleButtonGroupBase /> should match snapshot 1`] = `
.emotion-0 {
  display: -webkit-inline-box;
  display: -webkit-inline-flex;
  display: -ms-inline-flexbox;
  display: inline-flex;
  border-radius: 4px;
}

.emotion-0 .MuiToggleButtonGroup-grouped:not(:first-of-type) {
  margin-left: -1px;
  border-left: 1px solid transparent;
  border-top-left-radius: 0;
  border-bottom-left-radius: 0;
}

.emotion-0 .MuiToggleButtonGroup-grouped:not(:last-of-type) {
  border-top-right-radius: 0;
  border-bottom-right-radius: 0;
}

.emotion-0 .MuiToggleButtonGroup-grouped.Mui-selected+.MuiToggleButtonGroup-grouped.Mui-selected {
  border-left: 0;
  margin-left: 0;
}

.emotion-0 .Mui-selected {
  border-color: #90CAF9!important;
}

.emotion-1 {
  display: -webkit-inline-box;
  display: -webkit-inline-flex;
  display: -ms-inline-flexbox;
  display: inline-flex;
  -webkit-align-items: center;
  -webkit-box-align: center;
  -ms-flex-align: center;
  align-items: center;
  -webkit-box-pack: center;
  -ms-flex-pack: center;
  -webkit-justify-content: center;
  justify-content: center;
  position: relative;
  box-sizing: border-box;
  -webkit-tap-highlight-color: transparent;
  background-color: transparent;
  outline: 0;
  border: 0;
  margin: 0;
  border-radius: 0;
  padding: 0;
  cursor: pointer;
  -webkit-user-select: none;
  -moz-user-select: none;
  -ms-user-select: none;
  user-select: none;
  vertical-align: middle;
  -moz-appearance: none;
  -webkit-appearance: none;
  -webkit-text-decoration: none;
  text-decoration: none;
  color: inherit;
  font-size: 0.8125rem;
  font-weight: 500;
  letter-spacing: 0.4px;
  text-transform: capitalize;
  font-family: Roboto,sans-serif;
  line-height: 1.75;
  border-radius: 4px;
  padding: 7px;
  border: 1px solid #E0E0E0;
  color: rgba(0, 0, 0, 0.54);
}

.emotion-1::-moz-focus-inner {
  border-style: none;
}

.emotion-1.Mui-disabled {
  pointer-events: none;
  cursor: default;
}

@media print {
  .emotion-1 {
    -webkit-print-color-adjust: exact;
    color-adjust: exact;
  }
}

.emotion-1.Mui-disabled {
  color: #BDBDBD;
  border: 1px solid #E0E0E0;
}

.emotion-1:hover {
  -webkit-text-decoration: none;
  text-decoration: none;
  background-color: rgba(33, 33, 33, 0.04);
}

@media (hover: none) {
  .emotion-1:hover {
    background-color: transparent;
  }
}

.emotion-1.Mui-selected {
  color: #212121;
  background-color: rgba(33, 33, 33, 0.08);
}

.emotion-1.Mui-selected:hover {
  background-color: rgba(33, 33, 33, 0.12);
}

@media (hover: none) {
  .emotion-1.Mui-selected:hover {
    background-color: rgba(33, 33, 33, 0.08);
  }
}

.emotion-1.ToggleButtonBase-root {
  color: #757575;
  padding: 6px 1rem;
}

.emotion-1.ToggleButtonBase-selected {
  color: #2196F3;
  background-color: #EDF7FE;
  border-color: #90CAF9;
}

.emotion-2 {
  overflow: hidden;
  pointer-events: none;
  position: absolute;
  z-index: 0;
  top: 0;
  right: 0;
  bottom: 0;
  left: 0;
  border-radius: inherit;
}

<div>
  <div
    class="MuiToggleButtonGroup-root emotion-0"
    data-testid="ToggleButtonGroupBase"
    role="group"
  >
    <button
      aria-pressed="true"
      class="MuiButtonBase-root ToggleButtonBase-root MuiToggleButton-root ToggleButtonBase-selected Mui-selected MuiToggleButton-sizeSmall MuiToggleButton-standard MuiToggleButtonGroup-grouped MuiToggleButtonGroup-groupedHorizontal emotion-1"
      data-testid="ToggleButtonBase"
      tabindex="0"
      type="button"
      value="test1"
    >
      Test 1
      <span
        class="MuiTouchRipple-root emotion-2"
      />
    </button>
    <button
      aria-pressed="false"
      class="MuiButtonBase-root ToggleButtonBase-root MuiToggleButton-root MuiToggleButton-sizeSmall MuiToggleButton-standard MuiToggleButtonGroup-grouped MuiToggleButtonGroup-groupedHorizontal emotion-1"
      data-testid="ToggleButtonBase"
      tabindex="0"
      type="button"
      value="test2"
    >
      Test 2
      <span
        class="MuiTouchRipple-root emotion-2"
      />
    </button>
  </div>
</div>
`;
