// Jest Snapshot v1, https://goo.gl/fbAQLP

exports[`<RadioGroupBase /> should match snapshot 1`] = `
.emotion-0 {
  display: -webkit-box;
  display: -webkit-flex;
  display: -ms-flexbox;
  display: flex;
  -webkit-flex-direction: column;
  -ms-flex-direction: column;
  flex-direction: column;
  -webkit-box-flex-wrap: wrap;
  -webkit-flex-wrap: wrap;
  -ms-flex-wrap: wrap;
  flex-wrap: wrap;
}

<div
  class="MuiFormGroup-root emotion-0"
  data-testid="RadioGroupBase__Radio"
  role="radiogroup"
/>
`;
